[+] Containers:
 |- [+] Container: /Game/Shmup_Level
 |   |- [+] ActorDescs:
 |   |   |- Guid:03920DF94EEFC9F86CC66185D32A3DA1 NativeClass:/Script/Engine.StaticMeshActor Name:StaticMeshActor_UAID_A4AE111137DC54FB00_1240666663 Label:SM_SkySphere SpatiallyLoaded:false EditorBounds:IsValid=true, Min=(X=-1638400.000 Y=-1638400.000 Z=-1638400.000), Max=(X=1638400.000 Y=1638400.000 Z=1638400.000) RuntimeBounds:IsValid=true, Min=(X=-1638400.000 Y=-1638400.000 Z=-1638400.000), Max=(X=1638400.000 Y=1638400.000 Z=1638400.000) RuntimeGrid:None EditorOnly:false RuntimeOnly:false HLODRelevant:false ListedInSceneOutliner:true IsMainWorldOnly:true FolderPath:Lighting FolderGuid:B7E9BD5B45A652654791988DEF54CCEB
 |   |   |- Guid:179B1798438B3E9BBA8990BC6B9DDC10 NativeClass:/Script/Engine.StaticMeshActor Name:StaticMeshActor_UAID_70A8D3DB55DC737502_1126166288 Label:Plane SpatiallyLoaded:true EditorBounds:IsValid=true, Min=(X=-3200.000 Y=-3200.000 Z=-0.000), Max=(X=0.000 Y=-0.000 Z=0.000) RuntimeBounds:IsValid=true, Min=(X=-3200.000 Y=-3200.000 Z=-0.000), Max=(X=0.000 Y=-0.000 Z=0.000) RuntimeGrid:None EditorOnly:false RuntimeOnly:false HLODRelevant:true ListedInSceneOutliner:true IsMainWorldOnly:false
 |   |   |- Guid:1ACD85944B4ECEB757F8F4A5B84A665E NativeClass:/Script/Engine.StaticMeshActor Name:StaticMeshActor_UAID_70A8D3DB55DCF67702_1638961463 Label:Plane3 SpatiallyLoaded:true EditorBounds:IsValid=true, Min=(X=0.000 Y=0.000 Z=-0.000), Max=(X=3200.000 Y=3200.000 Z=0.000) RuntimeBounds:IsValid=true, Min=(X=0.000 Y=0.000 Z=-0.000), Max=(X=3200.000 Y=3200.000 Z=0.000) RuntimeGrid:None EditorOnly:false RuntimeOnly:false HLODRelevant:true ListedInSceneOutliner:true IsMainWorldOnly:false
 |   |   |- Guid:1D3D26F04B6DC10BEFB5B69E5CF914C8 NativeClass:/Script/Engine.VolumetricCloud Name:VolumetricCloud_UAID_A85E45CFE40401D200_1470381760 Label:VolumetricCloud SpatiallyLoaded:false EditorBounds:IsValid=true, Min=(X=-128.000 Y=1972.000 Z=-128.000), Max=(X=128.000 Y=2228.000 Z=128.000) RuntimeBounds:IsValid=true, Min=(X=0.000 Y=2100.000 Z=0.000), Max=(X=0.000 Y=2100.000 Z=0.000) RuntimeGrid:None EditorOnly:false RuntimeOnly:false HLODRelevant:false ListedInSceneOutliner:true IsMainWorldOnly:false FolderPath:Lighting FolderGuid:B7E9BD5B45A652654791988DEF54CCEB
 |   |   |- Guid:1DE8D7AC4103A2EABA11649C7FCF8ACA NativeClass:/Script/Engine.SkyLight Name:SkyLight_UAID_A85E45CFE40401D200_1470380759 Label:SkyLight SpatiallyLoaded:false EditorBounds:IsValid=true, Min=(X=-1.000 Y=-1.000 Z=-1.000), Max=(X=1.000 Y=2150.000 Z=1.000) RuntimeBounds:IsValid=true, Min=(X=0.000 Y=2150.000 Z=0.000), Max=(X=0.000 Y=2150.000 Z=0.000) RuntimeGrid:None EditorOnly:false RuntimeOnly:false HLODRelevant:false ListedInSceneOutliner:true IsMainWorldOnly:false FolderPath:Lighting FolderGuid:B7E9BD5B45A652654791988DEF54CCEB
 |   |   |- Guid:218E3B124735712D7EF272B4FB8E7FF6 NativeClass:/Script/Landscape.Landscape Name:Landscape_UAID_A85E45CFE404FBD100_1221515703 Label:Landscape SpatiallyLoaded:false EditorBounds:IsValid=true, Min=(X=0.000 Y=2210.000 Z=0.000), Max=(X=0.000 Y=2210.000 Z=0.000) RuntimeBounds:IsValid=true, Min=(X=0.000 Y=2210.000 Z=0.000), Max=(X=0.000 Y=2210.000 Z=0.000) RuntimeGrid:None EditorOnly:false RuntimeOnly:false HLODRelevant:false ListedInSceneOutliner:true IsMainWorldOnly:false
 |   |   |- Guid:2CE12F874AA39D020A0F4BA5739BD305 NativeClass:/Script/Engine.SkyAtmosphere Name:SkyAtmosphere_UAID_A85E45CFE40401D200_1470382762 Label:SkyAtmosphere SpatiallyLoaded:false EditorBounds:IsValid=true, Min=(X=-128.000 Y=1952.000 Z=-128.000), Max=(X=240.000 Y=2208.000 Z=128.000) RuntimeBounds:IsValid=true, Min=(X=0.000 Y=2080.000 Z=0.000), Max=(X=0.000 Y=2080.000 Z=0.000) RuntimeGrid:None EditorOnly:false RuntimeOnly:false HLODRelevant:false ListedInSceneOutliner:true IsMainWorldOnly:false FolderPath:Lighting FolderGuid:B7E9BD5B45A652654791988DEF54CCEB
 |   |   |- Guid:4BA77D5644D1E18268AFC3B39F7D1BA2 BaseClass:/Game/Blueprints/BP_Pickup_Healing.BP_Pickup_Healing_C NativeClass:/Script/Engine.Actor Name:BP_Pickup_Healing_C_UAID_70A8D3DB55DC2C8702_1477397839 Label:BP_Pickup_Healing SpatiallyLoaded:true EditorBounds:IsValid=true, Min=(X=-1890.000 Y=-750.000 Z=-220.000), Max=(X=-730.000 Y=-110.000 Z=420.000) RuntimeBounds:IsValid=true, Min=(X=-1890.000 Y=-750.000 Z=-220.000), Max=(X=-730.000 Y=-110.000 Z=420.000) RuntimeGrid:None EditorOnly:false RuntimeOnly:false HLODRelevant:false ListedInSceneOutliner:true IsMainWorldOnly:false
 |   |   |- Guid:5368FABB47D6D9580DAECA8B0417BF92 NativeClass:/Script/Engine.WorldDataLayers Name:WorldDataLayers Label:WorldDataLayers-1 SpatiallyLoaded:false EditorBounds:IsValid=false, Min=(X=0.000 Y=0.000 Z=0.000), Max=(X=0.000 Y=0.000 Z=0.000) RuntimeBounds:IsValid=false, Min=(X=0.000 Y=0.000 Z=0.000), Max=(X=0.000 Y=0.000 Z=0.000) RuntimeGrid:None EditorOnly:false RuntimeOnly:false HLODRelevant:false ListedInSceneOutliner:true IsMainWorldOnly:true
 |   |   |- Guid:645CDDFB48C4DA877E1667B150573571 NativeClass:/Script/Engine.BlockingVolume Name:BlockingVolume_UAID_70A8D3DB55DCF67702_1484402460 Label:BlockingVolume3 SpatiallyLoaded:true EditorBounds:IsValid=true, Min=(X=900.000 Y=-1600.000 Z=0.000), Max=(X=1100.000 Y=1600.000 Z=500.000) RuntimeBounds:IsValid=true, Min=(X=900.000 Y=-1600.000 Z=0.000), Max=(X=1100.000 Y=1600.000 Z=500.000) RuntimeGrid:None EditorOnly:false RuntimeOnly:false HLODRelevant:false ListedInSceneOutliner:true IsMainWorldOnly:false
 |   |   |- Guid:65BADF164B5A3A3D3E55D98E9D29F5EC NativeClass:/Script/Engine.BlockingVolume Name:BlockingVolume_UAID_70A8D3DB55DCF67702_1434984458 Label:BlockingVolume SpatiallyLoaded:true EditorBounds:IsValid=true, Min=(X=-1600.000 Y=-1760.000 Z=0.000), Max=(X=1600.000 Y=-1560.000 Z=500.000) RuntimeBounds:IsValid=true, Min=(X=-1600.000 Y=-1760.000 Z=0.000), Max=(X=1600.000 Y=-1560.000 Z=500.000) RuntimeGrid:None EditorOnly:false RuntimeOnly:false HLODRelevant:false ListedInSceneOutliner:true IsMainWorldOnly:false
 |   |   |- Guid:69F6F85741CC3BE6473855ABE74ECAAE BaseClass:/Game/Blueprints/BP_Pickup_Life.BP_Pickup_Life_C NativeClass:/Script/Engine.Actor Name:BP_Pickup_Life_C_UAID_70A8D3DB55DC2C8702_1488738840 Label:BP_Pickup_Life SpatiallyLoaded:true EditorBounds:IsValid=true, Min=(X=-1870.000 Y=750.000 Z=-220.000), Max=(X=-710.000 Y=1390.000 Z=420.000) RuntimeBounds:IsValid=true, Min=(X=-1870.000 Y=750.000 Z=-220.000), Max=(X=-710.000 Y=1390.000 Z=420.000) RuntimeGrid:None EditorOnly:false RuntimeOnly:false HLODRelevant:false ListedInSceneOutliner:true IsMainWorldOnly:false
 |   |   |- Guid:6A93959D4A561B15EE32A580ADB5E27D BaseClass:/Game/Blueprints/BP_Pickup_Forcefield.BP_Pickup_Forcefield_C NativeClass:/Script/Engine.Actor Name:BP_Pickup_Forcefield_C_UAID_70A8D3DB55DC2C8702_1462577838 Label:BP_Pickup_Forcefield SpatiallyLoaded:true EditorBounds:IsValid=true, Min=(X=-1860.000 Y=-280.000 Z=-220.000), Max=(X=-700.000 Y=360.000 Z=420.000) RuntimeBounds:IsValid=true, Min=(X=-1860.000 Y=-280.000 Z=-220.000), Max=(X=-700.000 Y=360.000 Z=420.000) RuntimeGrid:None EditorOnly:false RuntimeOnly:false HLODRelevant:false ListedInSceneOutliner:true IsMainWorldOnly:false
 |   |   |- Guid:73485254469F49BD2701BA8E8BDB38A6 NativeClass:/Script/Engine.StaticMeshActor Name:StaticMeshActor_UAID_70A8D3DB55DCF67702_1647338464 Label:Plane4 SpatiallyLoaded:true EditorBounds:IsValid=true, Min=(X=0.000 Y=-3200.000 Z=-0.000), Max=(X=3200.000 Y=0.000 Z=0.000) RuntimeBounds:IsValid=true, Min=(X=0.000 Y=-3200.000 Z=-0.000), Max=(X=3200.000 Y=0.000 Z=0.000) RuntimeGrid:None EditorOnly:false RuntimeOnly:false HLODRelevant:true ListedInSceneOutliner:true IsMainWorldOnly:false
 |   |   |- Guid:928A6CAF43046B3254A6C49BBD369463 BaseClass:/Game/Blueprints/BP_EnemyWave_Spawner.BP_EnemyWave_Spawner_C NativeClass:/Script/Engine.Actor Name:BP_EnemyWave_Spawner_C_UAID_70A8D3DB55DC288702_2127826211 Label:BP_EnemyWave_Spawner SpatiallyLoaded:true EditorBounds:IsValid=true, Min=(X=1200.000 Y=0.000 Z=0.000), Max=(X=1200.000 Y=0.000 Z=0.000) RuntimeBounds:IsValid=true, Min=(X=1200.000 Y=0.000 Z=0.000), Max=(X=1200.000 Y=0.000 Z=0.000) RuntimeGrid:None EditorOnly:false RuntimeOnly:false HLODRelevant:false ListedInSceneOutliner:true IsMainWorldOnly:false
 |   |   |- Guid:9E77805344D1E9C4902CBFB1F4C4B9F5 NativeClass:/Script/Engine.BlockingVolume Name:BlockingVolume_UAID_70A8D3DB55DCF67702_1511298461 Label:BlockingVolume4 SpatiallyLoaded:true EditorBounds:IsValid=true, Min=(X=-1310.000 Y=-1600.000 Z=0.000), Max=(X=-1110.000 Y=1600.000 Z=500.000) RuntimeBounds:IsValid=true, Min=(X=-1310.000 Y=-1600.000 Z=0.000), Max=(X=-1110.000 Y=1600.000 Z=500.000) RuntimeGrid:None EditorOnly:false RuntimeOnly:false HLODRelevant:false ListedInSceneOutliner:true IsMainWorldOnly:false
 |   |   |- Guid:AAAC6B5742760A58C2206DB37E44683C NativeClass:/Script/Engine.DirectionalLight Name:DirectionalLight_UAID_A85E45CFE40401D200_1470382761 Label:DirectionalLight SpatiallyLoaded:false EditorBounds:IsValid=false, Min=(X=0.000 Y=0.000 Z=0.000), Max=(X=0.000 Y=0.000 Z=0.000) RuntimeBounds:IsValid=false, Min=(X=0.000 Y=0.000 Z=0.000), Max=(X=0.000 Y=0.000 Z=0.000) RuntimeGrid:None EditorOnly:false RuntimeOnly:false HLODRelevant:false ListedInSceneOutliner:true IsMainWorldOnly:true FolderPath:Lighting FolderGuid:B7E9BD5B45A652654791988DEF54CCEB
 |   |   |- Guid:AED548B940902C220B580995AAF51D82 BaseClass:/Game/Blueprints/BP_Enemy_Boss1.BP_Enemy_Boss1_C NativeClass:/Script/Engine.Pawn Name:BP_Enemy_Boss1_C_UAID_70A8D3DB55DC2C8702_1421597803 Label:BP_Enemy_Boss1 SpatiallyLoaded:true EditorBounds:IsValid=true, Min=(X=980.000 Y=-520.000 Z=-580.000), Max=(X=2540.000 Y=480.000 Z=820.000) RuntimeBounds:IsValid=true, Min=(X=980.000 Y=-520.000 Z=-580.000), Max=(X=2540.000 Y=480.000 Z=820.000) RuntimeGrid:None EditorOnly:false RuntimeOnly:false HLODRelevant:false ListedInSceneOutliner:true IsMainWorldOnly:false
 |   |   |- Guid:B00D0ABA41BDAC6B54CAF1948C1DD6A3 NativeClass:/Script/Engine.BlockingVolume Name:BlockingVolume_UAID_70A8D3DB55DCF67702_1469379459 Label:BlockingVolume2 SpatiallyLoaded:true EditorBounds:IsValid=true, Min=(X=-1600.000 Y=1560.000 Z=0.000), Max=(X=1600.000 Y=1760.000 Z=500.000) RuntimeBounds:IsValid=true, Min=(X=-1600.000 Y=1560.000 Z=0.000), Max=(X=1600.000 Y=1760.000 Z=500.000) RuntimeGrid:None EditorOnly:false RuntimeOnly:false HLODRelevant:false ListedInSceneOutliner:true IsMainWorldOnly:false
 |   |   |- Guid:B073799349D89DBCA56730A04207A76D BaseClass:/Game/Blueprints/BP_Enemy_StationaryTurret.BP_Enemy_StationaryTurret_C NativeClass:/Script/Engine.Pawn Name:BP_Enemy_StationaryTurret_C_UAID_70A8D3DB55DC2C8702_1436732837 Label:BP_Enemy_StationaryTurret2 SpatiallyLoaded:true EditorBounds:IsValid=true, Min=(X=360.000 Y=1013.406 Z=-100.000), Max=(X=860.000 Y=1326.137 Z=300.000) RuntimeBounds:IsValid=true, Min=(X=360.000 Y=1013.406 Z=-100.000), Max=(X=860.000 Y=1326.137 Z=300.000) RuntimeGrid:None EditorOnly:false RuntimeOnly:false HLODRelevant:false ListedInSceneOutliner:true IsMainWorldOnly:false
 |   |   |- Guid:C1CE783A43E93229425CAB93E9088E28 BaseClass:/Game/Blueprints/BP_Enemy_Homing.BP_Enemy_Homing_C NativeClass:/Script/Engine.Pawn Name:BP_Enemy_Homing_C_UAID_70A8D3DB55DC2C8702_1406090802 Label:BP_Enemy_Homing SpatiallyLoaded:true EditorBounds:IsValid=true, Min=(X=320.000 Y=-1190.000 Z=0.000), Max=(X=820.000 Y=-990.000 Z=200.000) RuntimeBounds:IsValid=true, Min=(X=320.000 Y=-1190.000 Z=0.000), Max=(X=820.000 Y=-990.000 Z=200.000) RuntimeGrid:None EditorOnly:false RuntimeOnly:false HLODRelevant:false ListedInSceneOutliner:true IsMainWorldOnly:false
 |   |   |- Guid:C3A14FAD423352A5583D1CBA7F561309 NativeClass:/Script/Engine.PlayerStart Name:PlayerStart_UAID_70A8D3DB55DCE57A02_1805817631 Label:PlayerStart SpatiallyLoaded:false EditorBounds:IsValid=true, Min=(X=-598.000 Y=-128.000 Z=-36.000), Max=(X=-230.000 Y=128.000 Z=220.000) RuntimeBounds:IsValid=true, Min=(X=-510.000 Y=-40.000 Z=0.000), Max=(X=-430.000 Y=40.000 Z=184.000) RuntimeGrid:None EditorOnly:false RuntimeOnly:false HLODRelevant:false ListedInSceneOutliner:true IsMainWorldOnly:false
 |   |   |- Guid:C6458CF64F12E67E818CB4B379C45DB3 NativeClass:/Script/Engine.StaticMeshActor Name:StaticMeshActor_UAID_70A8D3DB55DCF67702_1629144462 Label:Plane2 SpatiallyLoaded:true EditorBounds:IsValid=true, Min=(X=-3200.000 Y=0.000 Z=-0.000), Max=(X=0.000 Y=3200.000 Z=0.000) RuntimeBounds:IsValid=true, Min=(X=-3200.000 Y=0.000 Z=-0.000), Max=(X=0.000 Y=3200.000 Z=0.000) RuntimeGrid:None EditorOnly:false RuntimeOnly:false HLODRelevant:true ListedInSceneOutliner:true IsMainWorldOnly:false
 |   |   |- Guid:D3FB7383421AAEFD3DB6F8B1E415A9FE NativeClass:/Script/Engine.ExponentialHeightFog Name:ExponentialHeightFog_UAID_A85E45CFE40401D200_1470382763 Label:ExponentialHeightFog SpatiallyLoaded:false EditorBounds:IsValid=true, Min=(X=-5728.000 Y=-178.000 Z=-6978.000), Max=(X=-5472.000 Y=78.000 Z=-6722.000) RuntimeBounds:IsValid=true, Min=(X=-5600.000 Y=-50.000 Z=-6850.000), Max=(X=-5600.000 Y=-50.000 Z=-6850.000) RuntimeGrid:None EditorOnly:false RuntimeOnly:false HLODRelevant:false ListedInSceneOutliner:true IsMainWorldOnly:false FolderPath:Lighting FolderGuid:B7E9BD5B45A652654791988DEF54CCEB
 |   |   |- Guid:DB08DBE94213C321D7106C88ED10276B BaseClass:/Game/Blueprints/BP_Pickup_MaxHealth.BP_Pickup_MaxHealth_C NativeClass:/Script/Engine.Actor Name:BP_Pickup_MaxHealth_C_UAID_70A8D3DB55DC2C8702_1498029841 Label:BP_Pickup_MaxHealth SpatiallyLoaded:true EditorBounds:IsValid=true, Min=(X=-1890.000 Y=-1450.000 Z=-220.000), Max=(X=-730.000 Y=-810.000 Z=420.000) RuntimeBounds:IsValid=true, Min=(X=-1890.000 Y=-1450.000 Z=-220.000), Max=(X=-730.000 Y=-810.000 Z=420.000) RuntimeGrid:None EditorOnly:false RuntimeOnly:false HLODRelevant:false ListedInSceneOutliner:true IsMainWorldOnly:false
 |   |- [+] Clusters:
 |   |   |- [+] [  0]
 |   |   |   |- Guid:03920DF94EEFC9F86CC66185D32A3DA1 NativeClass:/Script/Engine.StaticMeshActor Name:StaticMeshActor_UAID_A4AE111137DC54FB00_1240666663 Label:SM_SkySphere SpatiallyLoaded:false EditorBounds:IsValid=true, Min=(X=-1638400.000 Y=-1638400.000 Z=-1638400.000), Max=(X=1638400.000 Y=1638400.000 Z=1638400.000) RuntimeBounds:IsValid=true, Min=(X=-1638400.000 Y=-1638400.000 Z=-1638400.000), Max=(X=1638400.000 Y=1638400.000 Z=1638400.000) RuntimeGrid:None EditorOnly:false RuntimeOnly:false HLODRelevant:false ListedInSceneOutliner:true IsMainWorldOnly:true FolderPath:Lighting FolderGuid:B7E9BD5B45A652654791988DEF54CCEB
 |   |   |- [+] [  1]
 |   |   |   |- Guid:179B1798438B3E9BBA8990BC6B9DDC10 NativeClass:/Script/Engine.StaticMeshActor Name:StaticMeshActor_UAID_70A8D3DB55DC737502_1126166288 Label:Plane SpatiallyLoaded:true EditorBounds:IsValid=true, Min=(X=-3200.000 Y=-3200.000 Z=-0.000), Max=(X=0.000 Y=-0.000 Z=0.000) RuntimeBounds:IsValid=true, Min=(X=-3200.000 Y=-3200.000 Z=-0.000), Max=(X=0.000 Y=-0.000 Z=0.000) RuntimeGrid:None EditorOnly:false RuntimeOnly:false HLODRelevant:true ListedInSceneOutliner:true IsMainWorldOnly:false
 |   |   |- [+] [  2]
 |   |   |   |- Guid:1ACD85944B4ECEB757F8F4A5B84A665E NativeClass:/Script/Engine.StaticMeshActor Name:StaticMeshActor_UAID_70A8D3DB55DCF67702_1638961463 Label:Plane3 SpatiallyLoaded:true EditorBounds:IsValid=true, Min=(X=0.000 Y=0.000 Z=-0.000), Max=(X=3200.000 Y=3200.000 Z=0.000) RuntimeBounds:IsValid=true, Min=(X=0.000 Y=0.000 Z=-0.000), Max=(X=3200.000 Y=3200.000 Z=0.000) RuntimeGrid:None EditorOnly:false RuntimeOnly:false HLODRelevant:true ListedInSceneOutliner:true IsMainWorldOnly:false
 |   |   |- [+] [  3]
 |   |   |   |- Guid:1D3D26F04B6DC10BEFB5B69E5CF914C8 NativeClass:/Script/Engine.VolumetricCloud Name:VolumetricCloud_UAID_A85E45CFE40401D200_1470381760 Label:VolumetricCloud SpatiallyLoaded:false EditorBounds:IsValid=true, Min=(X=-128.000 Y=1972.000 Z=-128.000), Max=(X=128.000 Y=2228.000 Z=128.000) RuntimeBounds:IsValid=true, Min=(X=0.000 Y=2100.000 Z=0.000), Max=(X=0.000 Y=2100.000 Z=0.000) RuntimeGrid:None EditorOnly:false RuntimeOnly:false HLODRelevant:false ListedInSceneOutliner:true IsMainWorldOnly:false FolderPath:Lighting FolderGuid:B7E9BD5B45A652654791988DEF54CCEB
 |   |   |- [+] [  4]
 |   |   |   |- Guid:1DE8D7AC4103A2EABA11649C7FCF8ACA NativeClass:/Script/Engine.SkyLight Name:SkyLight_UAID_A85E45CFE40401D200_1470380759 Label:SkyLight SpatiallyLoaded:false EditorBounds:IsValid=true, Min=(X=-1.000 Y=-1.000 Z=-1.000), Max=(X=1.000 Y=2150.000 Z=1.000) RuntimeBounds:IsValid=true, Min=(X=0.000 Y=2150.000 Z=0.000), Max=(X=0.000 Y=2150.000 Z=0.000) RuntimeGrid:None EditorOnly:false RuntimeOnly:false HLODRelevant:false ListedInSceneOutliner:true IsMainWorldOnly:false FolderPath:Lighting FolderGuid:B7E9BD5B45A652654791988DEF54CCEB
 |   |   |- [+] [  5]
 |   |   |   |- Guid:218E3B124735712D7EF272B4FB8E7FF6 NativeClass:/Script/Landscape.Landscape Name:Landscape_UAID_A85E45CFE404FBD100_1221515703 Label:Landscape SpatiallyLoaded:false EditorBounds:IsValid=true, Min=(X=0.000 Y=2210.000 Z=0.000), Max=(X=0.000 Y=2210.000 Z=0.000) RuntimeBounds:IsValid=true, Min=(X=0.000 Y=2210.000 Z=0.000), Max=(X=0.000 Y=2210.000 Z=0.000) RuntimeGrid:None EditorOnly:false RuntimeOnly:false HLODRelevant:false ListedInSceneOutliner:true IsMainWorldOnly:false
 |   |   |- [+] [  6]
 |   |   |   |- Guid:2CE12F874AA39D020A0F4BA5739BD305 NativeClass:/Script/Engine.SkyAtmosphere Name:SkyAtmosphere_UAID_A85E45CFE40401D200_1470382762 Label:SkyAtmosphere SpatiallyLoaded:false EditorBounds:IsValid=true, Min=(X=-128.000 Y=1952.000 Z=-128.000), Max=(X=240.000 Y=2208.000 Z=128.000) RuntimeBounds:IsValid=true, Min=(X=0.000 Y=2080.000 Z=0.000), Max=(X=0.000 Y=2080.000 Z=0.000) RuntimeGrid:None EditorOnly:false RuntimeOnly:false HLODRelevant:false ListedInSceneOutliner:true IsMainWorldOnly:false FolderPath:Lighting FolderGuid:B7E9BD5B45A652654791988DEF54CCEB
 |   |   |- [+] [  7]
 |   |   |   |- Guid:4BA77D5644D1E18268AFC3B39F7D1BA2 BaseClass:/Game/Blueprints/BP_Pickup_Healing.BP_Pickup_Healing_C NativeClass:/Script/Engine.Actor Name:BP_Pickup_Healing_C_UAID_70A8D3DB55DC2C8702_1477397839 Label:BP_Pickup_Healing SpatiallyLoaded:true EditorBounds:IsValid=true, Min=(X=-1890.000 Y=-750.000 Z=-220.000), Max=(X=-730.000 Y=-110.000 Z=420.000) RuntimeBounds:IsValid=true, Min=(X=-1890.000 Y=-750.000 Z=-220.000), Max=(X=-730.000 Y=-110.000 Z=420.000) RuntimeGrid:None EditorOnly:false RuntimeOnly:false HLODRelevant:false ListedInSceneOutliner:true IsMainWorldOnly:false
 |   |   |- [+] [  8]
 |   |   |   |- Guid:5368FABB47D6D9580DAECA8B0417BF92 NativeClass:/Script/Engine.WorldDataLayers Name:WorldDataLayers Label:WorldDataLayers-1 SpatiallyLoaded:false EditorBounds:IsValid=false, Min=(X=0.000 Y=0.000 Z=0.000), Max=(X=0.000 Y=0.000 Z=0.000) RuntimeBounds:IsValid=false, Min=(X=0.000 Y=0.000 Z=0.000), Max=(X=0.000 Y=0.000 Z=0.000) RuntimeGrid:None EditorOnly:false RuntimeOnly:false HLODRelevant:false ListedInSceneOutliner:true IsMainWorldOnly:true
 |   |   |- [+] [  9]
 |   |   |   |- Guid:645CDDFB48C4DA877E1667B150573571 NativeClass:/Script/Engine.BlockingVolume Name:BlockingVolume_UAID_70A8D3DB55DCF67702_1484402460 Label:BlockingVolume3 SpatiallyLoaded:true EditorBounds:IsValid=true, Min=(X=900.000 Y=-1600.000 Z=0.000), Max=(X=1100.000 Y=1600.000 Z=500.000) RuntimeBounds:IsValid=true, Min=(X=900.000 Y=-1600.000 Z=0.000), Max=(X=1100.000 Y=1600.000 Z=500.000) RuntimeGrid:None EditorOnly:false RuntimeOnly:false HLODRelevant:false ListedInSceneOutliner:true IsMainWorldOnly:false
 |   |   |- [+] [ 10]
 |   |   |   |- Guid:65BADF164B5A3A3D3E55D98E9D29F5EC NativeClass:/Script/Engine.BlockingVolume Name:BlockingVolume_UAID_70A8D3DB55DCF67702_1434984458 Label:BlockingVolume SpatiallyLoaded:true EditorBounds:IsValid=true, Min=(X=-1600.000 Y=-1760.000 Z=0.000), Max=(X=1600.000 Y=-1560.000 Z=500.000) RuntimeBounds:IsValid=true, Min=(X=-1600.000 Y=-1760.000 Z=0.000), Max=(X=1600.000 Y=-1560.000 Z=500.000) RuntimeGrid:None EditorOnly:false RuntimeOnly:false HLODRelevant:false ListedInSceneOutliner:true IsMainWorldOnly:false
 |   |   |- [+] [ 11]
 |   |   |   |- Guid:69F6F85741CC3BE6473855ABE74ECAAE BaseClass:/Game/Blueprints/BP_Pickup_Life.BP_Pickup_Life_C NativeClass:/Script/Engine.Actor Name:BP_Pickup_Life_C_UAID_70A8D3DB55DC2C8702_1488738840 Label:BP_Pickup_Life SpatiallyLoaded:true EditorBounds:IsValid=true, Min=(X=-1870.000 Y=750.000 Z=-220.000), Max=(X=-710.000 Y=1390.000 Z=420.000) RuntimeBounds:IsValid=true, Min=(X=-1870.000 Y=750.000 Z=-220.000), Max=(X=-710.000 Y=1390.000 Z=420.000) RuntimeGrid:None EditorOnly:false RuntimeOnly:false HLODRelevant:false ListedInSceneOutliner:true IsMainWorldOnly:false
 |   |   |- [+] [ 12]
 |   |   |   |- Guid:6A93959D4A561B15EE32A580ADB5E27D BaseClass:/Game/Blueprints/BP_Pickup_Forcefield.BP_Pickup_Forcefield_C NativeClass:/Script/Engine.Actor Name:BP_Pickup_Forcefield_C_UAID_70A8D3DB55DC2C8702_1462577838 Label:BP_Pickup_Forcefield SpatiallyLoaded:true EditorBounds:IsValid=true, Min=(X=-1860.000 Y=-280.000 Z=-220.000), Max=(X=-700.000 Y=360.000 Z=420.000) RuntimeBounds:IsValid=true, Min=(X=-1860.000 Y=-280.000 Z=-220.000), Max=(X=-700.000 Y=360.000 Z=420.000) RuntimeGrid:None EditorOnly:false RuntimeOnly:false HLODRelevant:false ListedInSceneOutliner:true IsMainWorldOnly:false
 |   |   |- [+] [ 13]
 |   |   |   |- Guid:73485254469F49BD2701BA8E8BDB38A6 NativeClass:/Script/Engine.StaticMeshActor Name:StaticMeshActor_UAID_70A8D3DB55DCF67702_1647338464 Label:Plane4 SpatiallyLoaded:true EditorBounds:IsValid=true, Min=(X=0.000 Y=-3200.000 Z=-0.000), Max=(X=3200.000 Y=0.000 Z=0.000) RuntimeBounds:IsValid=true, Min=(X=0.000 Y=-3200.000 Z=-0.000), Max=(X=3200.000 Y=0.000 Z=0.000) RuntimeGrid:None EditorOnly:false RuntimeOnly:false HLODRelevant:true ListedInSceneOutliner:true IsMainWorldOnly:false
 |   |   |- [+] [ 14]
 |   |   |   |- Guid:928A6CAF43046B3254A6C49BBD369463 BaseClass:/Game/Blueprints/BP_EnemyWave_Spawner.BP_EnemyWave_Spawner_C NativeClass:/Script/Engine.Actor Name:BP_EnemyWave_Spawner_C_UAID_70A8D3DB55DC288702_2127826211 Label:BP_EnemyWave_Spawner SpatiallyLoaded:true EditorBounds:IsValid=true, Min=(X=1200.000 Y=0.000 Z=0.000), Max=(X=1200.000 Y=0.000 Z=0.000) RuntimeBounds:IsValid=true, Min=(X=1200.000 Y=0.000 Z=0.000), Max=(X=1200.000 Y=0.000 Z=0.000) RuntimeGrid:None EditorOnly:false RuntimeOnly:false HLODRelevant:false ListedInSceneOutliner:true IsMainWorldOnly:false
 |   |   |- [+] [ 15]
 |   |   |   |- Guid:9E77805344D1E9C4902CBFB1F4C4B9F5 NativeClass:/Script/Engine.BlockingVolume Name:BlockingVolume_UAID_70A8D3DB55DCF67702_1511298461 Label:BlockingVolume4 SpatiallyLoaded:true EditorBounds:IsValid=true, Min=(X=-1310.000 Y=-1600.000 Z=0.000), Max=(X=-1110.000 Y=1600.000 Z=500.000) RuntimeBounds:IsValid=true, Min=(X=-1310.000 Y=-1600.000 Z=0.000), Max=(X=-1110.000 Y=1600.000 Z=500.000) RuntimeGrid:None EditorOnly:false RuntimeOnly:false HLODRelevant:false ListedInSceneOutliner:true IsMainWorldOnly:false
 |   |   |- [+] [ 16]
 |   |   |   |- Guid:AAAC6B5742760A58C2206DB37E44683C NativeClass:/Script/Engine.DirectionalLight Name:DirectionalLight_UAID_A85E45CFE40401D200_1470382761 Label:DirectionalLight SpatiallyLoaded:false EditorBounds:IsValid=false, Min=(X=0.000 Y=0.000 Z=0.000), Max=(X=0.000 Y=0.000 Z=0.000) RuntimeBounds:IsValid=false, Min=(X=0.000 Y=0.000 Z=0.000), Max=(X=0.000 Y=0.000 Z=0.000) RuntimeGrid:None EditorOnly:false RuntimeOnly:false HLODRelevant:false ListedInSceneOutliner:true IsMainWorldOnly:true FolderPath:Lighting FolderGuid:B7E9BD5B45A652654791988DEF54CCEB
 |   |   |- [+] [ 17]
 |   |   |   |- Guid:AED548B940902C220B580995AAF51D82 BaseClass:/Game/Blueprints/BP_Enemy_Boss1.BP_Enemy_Boss1_C NativeClass:/Script/Engine.Pawn Name:BP_Enemy_Boss1_C_UAID_70A8D3DB55DC2C8702_1421597803 Label:BP_Enemy_Boss1 SpatiallyLoaded:true EditorBounds:IsValid=true, Min=(X=980.000 Y=-520.000 Z=-580.000), Max=(X=2540.000 Y=480.000 Z=820.000) RuntimeBounds:IsValid=true, Min=(X=980.000 Y=-520.000 Z=-580.000), Max=(X=2540.000 Y=480.000 Z=820.000) RuntimeGrid:None EditorOnly:false RuntimeOnly:false HLODRelevant:false ListedInSceneOutliner:true IsMainWorldOnly:false
 |   |   |- [+] [ 18]
 |   |   |   |- Guid:B00D0ABA41BDAC6B54CAF1948C1DD6A3 NativeClass:/Script/Engine.BlockingVolume Name:BlockingVolume_UAID_70A8D3DB55DCF67702_1469379459 Label:BlockingVolume2 SpatiallyLoaded:true EditorBounds:IsValid=true, Min=(X=-1600.000 Y=1560.000 Z=0.000), Max=(X=1600.000 Y=1760.000 Z=500.000) RuntimeBounds:IsValid=true, Min=(X=-1600.000 Y=1560.000 Z=0.000), Max=(X=1600.000 Y=1760.000 Z=500.000) RuntimeGrid:None EditorOnly:false RuntimeOnly:false HLODRelevant:false ListedInSceneOutliner:true IsMainWorldOnly:false
 |   |   |- [+] [ 19]
 |   |   |   |- Guid:B073799349D89DBCA56730A04207A76D BaseClass:/Game/Blueprints/BP_Enemy_StationaryTurret.BP_Enemy_StationaryTurret_C NativeClass:/Script/Engine.Pawn Name:BP_Enemy_StationaryTurret_C_UAID_70A8D3DB55DC2C8702_1436732837 Label:BP_Enemy_StationaryTurret2 SpatiallyLoaded:true EditorBounds:IsValid=true, Min=(X=360.000 Y=1013.406 Z=-100.000), Max=(X=860.000 Y=1326.137 Z=300.000) RuntimeBounds:IsValid=true, Min=(X=360.000 Y=1013.406 Z=-100.000), Max=(X=860.000 Y=1326.137 Z=300.000) RuntimeGrid:None EditorOnly:false RuntimeOnly:false HLODRelevant:false ListedInSceneOutliner:true IsMainWorldOnly:false
 |   |   |- [+] [ 20]
 |   |   |   |- Guid:C1CE783A43E93229425CAB93E9088E28 BaseClass:/Game/Blueprints/BP_Enemy_Homing.BP_Enemy_Homing_C NativeClass:/Script/Engine.Pawn Name:BP_Enemy_Homing_C_UAID_70A8D3DB55DC2C8702_1406090802 Label:BP_Enemy_Homing SpatiallyLoaded:true EditorBounds:IsValid=true, Min=(X=320.000 Y=-1190.000 Z=0.000), Max=(X=820.000 Y=-990.000 Z=200.000) RuntimeBounds:IsValid=true, Min=(X=320.000 Y=-1190.000 Z=0.000), Max=(X=820.000 Y=-990.000 Z=200.000) RuntimeGrid:None EditorOnly:false RuntimeOnly:false HLODRelevant:false ListedInSceneOutliner:true IsMainWorldOnly:false
 |   |   |- [+] [ 21]
 |   |   |   |- Guid:C3A14FAD423352A5583D1CBA7F561309 NativeClass:/Script/Engine.PlayerStart Name:PlayerStart_UAID_70A8D3DB55DCE57A02_1805817631 Label:PlayerStart SpatiallyLoaded:false EditorBounds:IsValid=true, Min=(X=-598.000 Y=-128.000 Z=-36.000), Max=(X=-230.000 Y=128.000 Z=220.000) RuntimeBounds:IsValid=true, Min=(X=-510.000 Y=-40.000 Z=0.000), Max=(X=-430.000 Y=40.000 Z=184.000) RuntimeGrid:None EditorOnly:false RuntimeOnly:false HLODRelevant:false ListedInSceneOutliner:true IsMainWorldOnly:false
 |   |   |- [+] [ 22]
 |   |   |   |- Guid:C6458CF64F12E67E818CB4B379C45DB3 NativeClass:/Script/Engine.StaticMeshActor Name:StaticMeshActor_UAID_70A8D3DB55DCF67702_1629144462 Label:Plane2 SpatiallyLoaded:true EditorBounds:IsValid=true, Min=(X=-3200.000 Y=0.000 Z=-0.000), Max=(X=0.000 Y=3200.000 Z=0.000) RuntimeBounds:IsValid=true, Min=(X=-3200.000 Y=0.000 Z=-0.000), Max=(X=0.000 Y=3200.000 Z=0.000) RuntimeGrid:None EditorOnly:false RuntimeOnly:false HLODRelevant:true ListedInSceneOutliner:true IsMainWorldOnly:false
 |   |   |- [+] [ 23]
 |   |   |   |- Guid:D3FB7383421AAEFD3DB6F8B1E415A9FE NativeClass:/Script/Engine.ExponentialHeightFog Name:ExponentialHeightFog_UAID_A85E45CFE40401D200_1470382763 Label:ExponentialHeightFog SpatiallyLoaded:false EditorBounds:IsValid=true, Min=(X=-5728.000 Y=-178.000 Z=-6978.000), Max=(X=-5472.000 Y=78.000 Z=-6722.000) RuntimeBounds:IsValid=true, Min=(X=-5600.000 Y=-50.000 Z=-6850.000), Max=(X=-5600.000 Y=-50.000 Z=-6850.000) RuntimeGrid:None EditorOnly:false RuntimeOnly:false HLODRelevant:false ListedInSceneOutliner:true IsMainWorldOnly:false FolderPath:Lighting FolderGuid:B7E9BD5B45A652654791988DEF54CCEB
 |   |   |- [+] [ 24]
 |   |   |   |- Guid:DB08DBE94213C321D7106C88ED10276B BaseClass:/Game/Blueprints/BP_Pickup_MaxHealth.BP_Pickup_MaxHealth_C NativeClass:/Script/Engine.Actor Name:BP_Pickup_MaxHealth_C_UAID_70A8D3DB55DC2C8702_1498029841 Label:BP_Pickup_MaxHealth SpatiallyLoaded:true EditorBounds:IsValid=true, Min=(X=-1890.000 Y=-1450.000 Z=-220.000), Max=(X=-730.000 Y=-810.000 Z=420.000) RuntimeBounds:IsValid=true, Min=(X=-1890.000 Y=-1450.000 Z=-220.000), Max=(X=-730.000 Y=-810.000 Z=420.000) RuntimeGrid:None EditorOnly:false RuntimeOnly:false HLODRelevant:false ListedInSceneOutliner:true IsMainWorldOnly:false
 |- ContainerInstances:
 |- [+] MainContainer:
 |   |-        ID: 00000000000000000000000000000000
 |   |-  ParentID: 00000000000000000000000000000000
 |   |-    Bounds: IsValid=true, Min=(X=-3200.000 Y=-3200.000 Z=-580.000), Max=(X=3200.000 Y=3200.000 Z=820.000)
 |   |- Transform: 0.000000,0.000000,0.000000|0.000000,0.000000,-0.000000|1.000000,1.000000,1.000000
 |   |- Container: /Game/Shmup_Level
----------------------------------------------------------------------------------------------------------------
Shmup_Level - Persistent Level
----------------------------------------------------------------------------------------------------------------
[+] Content of Shmup_Level Persistent Level
 |- Always loaded Actor Count: 9 
 |- Actor Path: /Game/Shmup_Level.Shmup_Level:PersistentLevel.DirectionalLight_UAID_A85E45CFE40401D200_1470382761
 |- Actor Package: /Game/__ExternalActors__/Shmup_Level/8/K2/00ND4K2B5RSAOJ84I2GR2A
 |- Actor Path: /Game/Shmup_Level.Shmup_Level:PersistentLevel.ExponentialHeightFog_UAID_A85E45CFE40401D200_1470382763
 |- Actor Package: /Game/__ExternalActors__/Shmup_Level/D/14/IDWD8BNQIVI7PYEB0WSAV7
 |- Actor Path: /Game/Shmup_Level.Shmup_Level:PersistentLevel.Landscape_UAID_A85E45CFE404FBD100_1221515703
 |- Actor Package: /Game/__ExternalActors__/Shmup_Level/D/0X/AXJ2Q174EM6RE8YGS0ZMTI
 |- Actor Path: /Game/Shmup_Level.Shmup_Level:PersistentLevel.PlayerStart_UAID_70A8D3DB55DCE57A02_1805817631
 |- Actor Package: /Game/__ExternalActors__/Shmup_Level/3/JL/HXENAEV0007NF48TF1V7Z9
 |- Actor Path: /Game/Shmup_Level.Shmup_Level:PersistentLevel.SkyAtmosphere_UAID_A85E45CFE40401D200_1470382762
 |- Actor Package: /Game/__ExternalActors__/Shmup_Level/C/DH/CA5PF4Y2YMO42UB8URFHUD
 |- Actor Path: /Game/Shmup_Level.Shmup_Level:PersistentLevel.SkyLight_UAID_A85E45CFE40401D200_1470380759
 |- Actor Package: /Game/__ExternalActors__/Shmup_Level/8/1A/AMEM9I7LPYWCQV4YSNJAV2
 |- Actor Path: /Game/Shmup_Level.Shmup_Level:PersistentLevel.StaticMeshActor_UAID_A4AE111137DC54FB00_1240666663
 |- Actor Package: /Game/__ExternalActors__/Shmup_Level/C/XG/9CEFK302DBBHGEF87RQWMK
 |- Actor Path: /Game/Shmup_Level.Shmup_Level:PersistentLevel.VolumetricCloud_UAID_A85E45CFE40401D200_1470381760
 |- Actor Package: /Game/__ExternalActors__/Shmup_Level/9/97/TAAPWDQOWCA5L2J63XZXIC
 |- Actor Path: /Game/Shmup_Level.Shmup_Level:PersistentLevel.WorldDataLayers
 |- Actor Package: /Game/__ExternalActors__/Shmup_Level/D/EF/63RCSTFVYJEYL7MYY22YGF

----------------------------------------------------------------------------------------------------------------
Shmup_Level - Runtime Hash Set
----------------------------------------------------------------------------------------------------------------
[+] Content of Cell Shmup_Level_MainGrid_L0_X-1_Y-1_Z0 (54OLRQMBE1QMYC33SC5F3B16T)
 |- Actor Count: 3
 |- Content Bounds: IsValid=true, Min=(X=-3200.000 Y=-3200.000 Z=0.000), Max=(X=0.000 Y=-0.000 Z=420.000)
 |- Cell Bounds: IsValid=true, Min=(X=-25200.000 Y=-25200.000 Z=0.000), Max=(X=0.000 Y=0.000 Z=25200.000)
 |- Is 2D: False
 |- [+] /Game/Shmup_Level.Shmup_Level:PersistentLevel.StaticMeshActor_UAID_70A8D3DB55DC737502_1126166288
 |   |-         Package: /Game/__ExternalActors__/Shmup_Level/4/T2/P0G4D14LVI9MI7G2WJUQMU
 |   |-     Editor Only: 0
 |   |-   Instance Guid: 179B1798438B3E9BBA8990BC6B9DDC10
 |   |- [+] Container:
 |   |   |-        ID: 00000000000000000000000000000000
 |   |   |- Transform: 0.000000,0.000000,0.000000|0.000000,0.000000,-0.000000|1.000000,1.000000,1.000000
 |- [+] /Game/Shmup_Level.Shmup_Level:PersistentLevel.BP_Pickup_Healing_C_UAID_70A8D3DB55DC2C8702_1477397839
 |   |-         Package: /Game/__ExternalActors__/Shmup_Level/8/7L/0BDH15DMHLBZQOX5YSL4P5
 |   |-     Editor Only: 0
 |   |-   Instance Guid: 4BA77D5644D1E18268AFC3B39F7D1BA2
 |   |- [+] Container:
 |   |   |-        ID: 00000000000000000000000000000000
 |   |   |- Transform: 0.000000,0.000000,0.000000|0.000000,0.000000,-0.000000|1.000000,1.000000,1.000000
 |- [+] /Game/Shmup_Level.Shmup_Level:PersistentLevel.BP_Pickup_MaxHealth_C_UAID_70A8D3DB55DC2C8702_1498029841
 |   |-         Package: /Game/__ExternalActors__/Shmup_Level/1/1Z/1GZVDJAMAKFQNJQU49Z3UM
 |   |-     Editor Only: 0
 |   |-   Instance Guid: DB08DBE94213C321D7106C88ED10276B
 |   |- [+] Container:
 |   |   |-        ID: 00000000000000000000000000000000
 |   |   |- Transform: 0.000000,0.000000,0.000000|0.000000,0.000000,-0.000000|1.000000,1.000000,1.000000
[+] Content of Cell Shmup_Level_MainGrid_L0_X0_Y0_Z0 (84O352ZYIN9IFI3YIST0RNRXC)
 |- Actor Count: 5
 |- Content Bounds: IsValid=true, Min=(X=0.000 Y=0.000 Z=0.000), Max=(X=3200.000 Y=3200.000 Z=500.000)
 |- Cell Bounds: IsValid=true, Min=(X=0.000 Y=0.000 Z=0.000), Max=(X=25200.000 Y=25200.000 Z=25200.000)
 |- Is 2D: False
 |- [+] /Game/Shmup_Level.Shmup_Level:PersistentLevel.StaticMeshActor_UAID_70A8D3DB55DCF67702_1638961463
 |   |-         Package: /Game/__ExternalActors__/Shmup_Level/6/9Y/MXBF8E2P57Q9NFWC7X7DZR
 |   |-     Editor Only: 0
 |   |-   Instance Guid: 1ACD85944B4ECEB757F8F4A5B84A665E
 |   |- [+] Container:
 |   |   |-        ID: 00000000000000000000000000000000
 |   |   |- Transform: 0.000000,0.000000,0.000000|0.000000,0.000000,-0.000000|1.000000,1.000000,1.000000
 |- [+] /Game/Shmup_Level.Shmup_Level:PersistentLevel.BlockingVolume_UAID_70A8D3DB55DCF67702_1484402460
 |   |-         Package: /Game/__ExternalActors__/Shmup_Level/B/JF/N57CPL0I4YAEACLS6SG7PV
 |   |-     Editor Only: 0
 |   |-   Instance Guid: 645CDDFB48C4DA877E1667B150573571
 |   |- [+] Container:
 |   |   |-        ID: 00000000000000000000000000000000
 |   |   |- Transform: 0.000000,0.000000,0.000000|0.000000,0.000000,-0.000000|1.000000,1.000000,1.000000
 |- [+] /Game/Shmup_Level.Shmup_Level:PersistentLevel.BP_EnemyWave_Spawner_C_UAID_70A8D3DB55DC288702_2127826211
 |   |-         Package: /Game/__ExternalActors__/Shmup_Level/5/SL/5J1FF4CYY52BCJCYS72TX6
 |   |-     Editor Only: 0
 |   |-   Instance Guid: 928A6CAF43046B3254A6C49BBD369463
 |   |- [+] Container:
 |   |   |-        ID: 00000000000000000000000000000000
 |   |   |- Transform: 0.000000,0.000000,0.000000|0.000000,0.000000,-0.000000|1.000000,1.000000,1.000000
 |- [+] /Game/Shmup_Level.Shmup_Level:PersistentLevel.BlockingVolume_UAID_70A8D3DB55DCF67702_1469379459
 |   |-         Package: /Game/__ExternalActors__/Shmup_Level/A/4G/LPQ3PVBYNIBYJUSLCRV0JW
 |   |-     Editor Only: 0
 |   |-   Instance Guid: B00D0ABA41BDAC6B54CAF1948C1DD6A3
 |   |- [+] Container:
 |   |   |-        ID: 00000000000000000000000000000000
 |   |   |- Transform: 0.000000,0.000000,0.000000|0.000000,0.000000,-0.000000|1.000000,1.000000,1.000000
 |- [+] /Game/Shmup_Level.Shmup_Level:PersistentLevel.BP_Enemy_StationaryTurret_C_UAID_70A8D3DB55DC2C8702_1436732837
 |   |-         Package: /Game/__ExternalActors__/Shmup_Level/4/H5/6SOMKLLSFFTSC3ANX3BGW8
 |   |-     Editor Only: 0
 |   |-   Instance Guid: B073799349D89DBCA56730A04207A76D
 |   |- [+] Container:
 |   |   |-        ID: 00000000000000000000000000000000
 |   |   |- Transform: 0.000000,0.000000,0.000000|0.000000,0.000000,-0.000000|1.000000,1.000000,1.000000
[+] Content of Cell Shmup_Level_MainGrid_L0_X0_Y-1_Z0 (9TD9AZW80K7TUJI0ONPPSF0N5)
 |- Actor Count: 4
 |- Content Bounds: IsValid=true, Min=(X=0.000 Y=-3200.000 Z=0.000), Max=(X=3200.000 Y=0.000 Z=820.000)
 |- Cell Bounds: IsValid=true, Min=(X=0.000 Y=-25200.000 Z=0.000), Max=(X=25200.000 Y=0.000 Z=25200.000)
 |- Is 2D: False
 |- [+] /Game/Shmup_Level.Shmup_Level:PersistentLevel.BlockingVolume_UAID_70A8D3DB55DCF67702_1434984458
 |   |-         Package: /Game/__ExternalActors__/Shmup_Level/0/83/EFPIG3T6VRQ8W2RLSAH0QF
 |   |-     Editor Only: 0
 |   |-   Instance Guid: 65BADF164B5A3A3D3E55D98E9D29F5EC
 |   |- [+] Container:
 |   |   |-        ID: 00000000000000000000000000000000
 |   |   |- Transform: 0.000000,0.000000,0.000000|0.000000,0.000000,-0.000000|1.000000,1.000000,1.000000
 |- [+] /Game/Shmup_Level.Shmup_Level:PersistentLevel.StaticMeshActor_UAID_70A8D3DB55DCF67702_1647338464
 |   |-         Package: /Game/__ExternalActors__/Shmup_Level/5/AB/FP3JEMQV06JULGICUD2DN9
 |   |-     Editor Only: 0
 |   |-   Instance Guid: 73485254469F49BD2701BA8E8BDB38A6
 |   |- [+] Container:
 |   |   |-        ID: 00000000000000000000000000000000
 |   |   |- Transform: 0.000000,0.000000,0.000000|0.000000,0.000000,-0.000000|1.000000,1.000000,1.000000
 |- [+] /Game/Shmup_Level.Shmup_Level:PersistentLevel.BP_Enemy_Boss1_C_UAID_70A8D3DB55DC2C8702_1421597803
 |   |-         Package: /Game/__ExternalActors__/Shmup_Level/4/S9/0FNAQY4A395LEONP18ORDI
 |   |-     Editor Only: 0
 |   |-   Instance Guid: AED548B940902C220B580995AAF51D82
 |   |- [+] Container:
 |   |   |-        ID: 00000000000000000000000000000000
 |   |   |- Transform: 0.000000,0.000000,0.000000|0.000000,0.000000,-0.000000|1.000000,1.000000,1.000000
 |- [+] /Game/Shmup_Level.Shmup_Level:PersistentLevel.BP_Enemy_Homing_C_UAID_70A8D3DB55DC2C8702_1406090802
 |   |-         Package: /Game/__ExternalActors__/Shmup_Level/C/CP/5RV84EY47ASLXBTZ8PCU0L
 |   |-     Editor Only: 0
 |   |-   Instance Guid: C1CE783A43E93229425CAB93E9088E28
 |   |- [+] Container:
 |   |   |-        ID: 00000000000000000000000000000000
 |   |   |- Transform: 0.000000,0.000000,0.000000|0.000000,0.000000,-0.000000|1.000000,1.000000,1.000000
[+] Content of Cell Shmup_Level_MainGrid_L0_X-1_Y0_Z0 (D2YOT5KDDDR2BR9GOREMNJIBA)
 |- Actor Count: 4
 |- Content Bounds: IsValid=true, Min=(X=-3200.000 Y=0.000 Z=0.000), Max=(X=0.000 Y=3200.000 Z=500.000)
 |- Cell Bounds: IsValid=true, Min=(X=-25200.000 Y=0.000 Z=0.000), Max=(X=0.000 Y=25200.000 Z=25200.000)
 |- Is 2D: False
 |- [+] /Game/Shmup_Level.Shmup_Level:PersistentLevel.BP_Pickup_Life_C_UAID_70A8D3DB55DC2C8702_1488738840
 |   |-         Package: /Game/__ExternalActors__/Shmup_Level/7/I9/99EVJS0CIUNXV5458TXFX6
 |   |-     Editor Only: 0
 |   |-   Instance Guid: 69F6F85741CC3BE6473855ABE74ECAAE
 |   |- [+] Container:
 |   |   |-        ID: 00000000000000000000000000000000
 |   |   |- Transform: 0.000000,0.000000,0.000000|0.000000,0.000000,-0.000000|1.000000,1.000000,1.000000
 |- [+] /Game/Shmup_Level.Shmup_Level:PersistentLevel.BP_Pickup_Forcefield_C_UAID_70A8D3DB55DC2C8702_1462577838
 |   |-         Package: /Game/__ExternalActors__/Shmup_Level/5/HW/24W8DZKDXACBS00Z748OVP
 |   |-     Editor Only: 0
 |   |-   Instance Guid: 6A93959D4A561B15EE32A580ADB5E27D
 |   |- [+] Container:
 |   |   |-        ID: 00000000000000000000000000000000
 |   |   |- Transform: 0.000000,0.000000,0.000000|0.000000,0.000000,-0.000000|1.000000,1.000000,1.000000
 |- [+] /Game/Shmup_Level.Shmup_Level:PersistentLevel.BlockingVolume_UAID_70A8D3DB55DCF67702_1511298461
 |   |-         Package: /Game/__ExternalActors__/Shmup_Level/C/RD/IB6JFALJ8VRHSANMV63Q24
 |   |-     Editor Only: 0
 |   |-   Instance Guid: 9E77805344D1E9C4902CBFB1F4C4B9F5
 |   |- [+] Container:
 |   |   |-        ID: 00000000000000000000000000000000
 |   |   |- Transform: 0.000000,0.000000,0.000000|0.000000,0.000000,-0.000000|1.000000,1.000000,1.000000
 |- [+] /Game/Shmup_Level.Shmup_Level:PersistentLevel.StaticMeshActor_UAID_70A8D3DB55DCF67702_1629144462
 |   |-         Package: /Game/__ExternalActors__/Shmup_Level/0/8S/SJ0X6U3M7PAOXOTLWUZVNU
 |   |-     Editor Only: 0
 |   |-   Instance Guid: C6458CF64F12E67E818CB4B379C45DB3
 |   |- [+] Container:
 |   |   |-        ID: 00000000000000000000000000000000
 |   |   |- Transform: 0.000000,0.000000,0.000000|0.000000,0.000000,-0.000000|1.000000,1.000000,1.000000

