[+] Containers:
 |- [+] Container: /Game/Shmup_Level
 |   |- [+] ActorDescs:
 |   |   |- Guid:03920DF94EEFC9F86CC66185D32A3DA1 NativeClass:/Script/Engine.StaticMeshActor Name:StaticMeshActor_UAID_A4AE111137DC54FB00_1240666663 Label:SM_SkySphere SpatiallyLoaded:false EditorBounds:IsValid=true, Min=(X=-1638400.000 Y=-1638400.000 Z=-1638400.000), Max=(X=1638400.000 Y=1638400.000 Z=1638400.000) RuntimeBounds:IsValid=true, Min=(X=-1638400.000 Y=-1638400.000 Z=-1638400.000), Max=(X=1638400.000 Y=1638400.000 Z=1638400.000) RuntimeGrid:None EditorOnly:false RuntimeOnly:false HLODRelevant:false ListedInSceneOutliner:true IsMainWorldOnly:true FolderPath:Lighting FolderGuid:B7E9BD5B45A652654791988DEF54CCEB
 |   |   |- Guid:179B1798438B3E9BBA8990BC6B9DDC10 NativeClass:/Script/Engine.StaticMeshActor Name:StaticMeshActor_UAID_70A8D3DB55DC737502_1126166288 Label:Plane SpatiallyLoaded:true EditorBounds:IsValid=true, Min=(X=-3200.000 Y=-3200.000 Z=-0.000), Max=(X=0.000 Y=-0.000 Z=0.000) RuntimeBounds:IsValid=true, Min=(X=-3200.000 Y=-3200.000 Z=-0.000), Max=(X=0.000 Y=-0.000 Z=0.000) RuntimeGrid:None EditorOnly:false RuntimeOnly:false HLODRelevant:true ListedInSceneOutliner:true IsMainWorldOnly:false
 |   |   |- Guid:1ACD85944B4ECEB757F8F4A5B84A665E NativeClass:/Script/Engine.StaticMeshActor Name:StaticMeshActor_UAID_70A8D3DB55DCF67702_1638961463 Label:Plane3 SpatiallyLoaded:true EditorBounds:IsValid=true, Min=(X=0.000 Y=0.000 Z=-0.000), Max=(X=3200.000 Y=3200.000 Z=0.000) RuntimeBounds:IsValid=true, Min=(X=0.000 Y=0.000 Z=-0.000), Max=(X=3200.000 Y=3200.000 Z=0.000) RuntimeGrid:None EditorOnly:false RuntimeOnly:false HLODRelevant:true ListedInSceneOutliner:true IsMainWorldOnly:false
 |   |   |- Guid:1D3D26F04B6DC10BEFB5B69E5CF914C8 NativeClass:/Script/Engine.VolumetricCloud Name:VolumetricCloud_UAID_A85E45CFE40401D200_1470381760 Label:VolumetricCloud SpatiallyLoaded:false EditorBounds:IsValid=true, Min=(X=-128.000 Y=1972.000 Z=-128.000), Max=(X=128.000 Y=2228.000 Z=128.000) RuntimeBounds:IsValid=true, Min=(X=0.000 Y=2100.000 Z=0.000), Max=(X=0.000 Y=2100.000 Z=0.000) RuntimeGrid:None EditorOnly:false RuntimeOnly:false HLODRelevant:false ListedInSceneOutliner:true IsMainWorldOnly:false FolderPath:Lighting FolderGuid:B7E9BD5B45A652654791988DEF54CCEB
 |   |   |- Guid:1DE8D7AC4103A2EABA11649C7FCF8ACA NativeClass:/Script/Engine.SkyLight Name:SkyLight_UAID_A85E45CFE40401D200_1470380759 Label:SkyLight SpatiallyLoaded:false EditorBounds:IsValid=true, Min=(X=-1.000 Y=-1.000 Z=-1.000), Max=(X=1.000 Y=2150.000 Z=1.000) RuntimeBounds:IsValid=true, Min=(X=0.000 Y=2150.000 Z=0.000), Max=(X=0.000 Y=2150.000 Z=0.000) RuntimeGrid:None EditorOnly:false RuntimeOnly:false HLODRelevant:false ListedInSceneOutliner:true IsMainWorldOnly:false FolderPath:Lighting FolderGuid:B7E9BD5B45A652654791988DEF54CCEB
 |   |   |- Guid:218E3B124735712D7EF272B4FB8E7FF6 NativeClass:/Script/Landscape.Landscape Name:Landscape_UAID_A85E45CFE404FBD100_1221515703 Label:Landscape SpatiallyLoaded:false EditorBounds:IsValid=true, Min=(X=0.000 Y=2210.000 Z=0.000), Max=(X=0.000 Y=2210.000 Z=0.000) RuntimeBounds:IsValid=true, Min=(X=0.000 Y=2210.000 Z=0.000), Max=(X=0.000 Y=2210.000 Z=0.000) RuntimeGrid:None EditorOnly:false RuntimeOnly:false HLODRelevant:false ListedInSceneOutliner:true IsMainWorldOnly:false
 |   |   |- Guid:226B6FCF48448438A906268265807636 BaseClass:/Game/Blueprints/BP_Pickup_Forcefield.BP_Pickup_Forcefield_C NativeClass:/Script/Engine.Actor Name:BP_Pickup_Forcefield_C_UAID_70A8D3DB55DCED8602_1337539711 Label:BP_Pickup_Forcefield SpatiallyLoaded:true EditorBounds:IsValid=true, Min=(X=-1800.000 Y=-330.000 Z=-270.000), Max=(X=-640.000 Y=310.000 Z=370.000) RuntimeBounds:IsValid=true, Min=(X=-1800.000 Y=-330.000 Z=-270.000), Max=(X=-640.000 Y=310.000 Z=370.000) RuntimeGrid:None EditorOnly:false RuntimeOnly:false HLODRelevant:false ListedInSceneOutliner:true IsMainWorldOnly:false
 |   |   |- Guid:2CE12F874AA39D020A0F4BA5739BD305 NativeClass:/Script/Engine.SkyAtmosphere Name:SkyAtmosphere_UAID_A85E45CFE40401D200_1470382762 Label:SkyAtmosphere SpatiallyLoaded:false EditorBounds:IsValid=true, Min=(X=-128.000 Y=1952.000 Z=-128.000), Max=(X=240.000 Y=2208.000 Z=128.000) RuntimeBounds:IsValid=true, Min=(X=0.000 Y=2080.000 Z=0.000), Max=(X=0.000 Y=2080.000 Z=0.000) RuntimeGrid:None EditorOnly:false RuntimeOnly:false HLODRelevant:false ListedInSceneOutliner:true IsMainWorldOnly:false FolderPath:Lighting FolderGuid:B7E9BD5B45A652654791988DEF54CCEB
 |   |   |- Guid:35FA7EB5449200D495B5A6AEFA892872 BaseClass:/Game/Blueprints/BP_EnemySpawner.BP_EnemySpawner_C NativeClass:/Script/Engine.Actor Name:BP_EnemySpawner_C_UAID_70A8D3DB55DCC57502_1701456719 Label:BP_EnemySpawner SpatiallyLoaded:true EditorBounds:IsValid=true, Min=(X=-2550.000 Y=-1757.000 Z=80.000), Max=(X=1700.374 Y=1743.000 Z=80.000) RuntimeBounds:IsValid=true, Min=(X=-2550.000 Y=-1757.000 Z=80.000), Max=(X=1700.374 Y=1743.000 Z=80.000) RuntimeGrid:None EditorOnly:false RuntimeOnly:false HLODRelevant:false ListedInSceneOutliner:true IsMainWorldOnly:false
 |   |   |- Guid:3E0D97D4484C9169182C4AA06ECA1FFF BaseClass:/Game/Blueprints/BP_Pickup_MaxHealth.BP_Pickup_MaxHealth_C NativeClass:/Script/Engine.Actor Name:BP_Pickup_MaxHealth_C_UAID_70A8D3DB55DCA18502_1565985280 Label:BP_Pickup_MaxHealth SpatiallyLoaded:true EditorBounds:IsValid=true, Min=(X=-2420.000 Y=-340.000 Z=-270.000), Max=(X=-1260.000 Y=300.000 Z=370.000) RuntimeBounds:IsValid=true, Min=(X=-2420.000 Y=-340.000 Z=-270.000), Max=(X=-1260.000 Y=300.000 Z=370.000) RuntimeGrid:None EditorOnly:false RuntimeOnly:false HLODRelevant:false ListedInSceneOutliner:true IsMainWorldOnly:false
 |   |   |- Guid:5368FABB47D6D9580DAECA8B0417BF92 NativeClass:/Script/Engine.WorldDataLayers Name:WorldDataLayers Label:WorldDataLayers-1 SpatiallyLoaded:false EditorBounds:IsValid=false, Min=(X=0.000 Y=0.000 Z=0.000), Max=(X=0.000 Y=0.000 Z=0.000) RuntimeBounds:IsValid=false, Min=(X=0.000 Y=0.000 Z=0.000), Max=(X=0.000 Y=0.000 Z=0.000) RuntimeGrid:None EditorOnly:false RuntimeOnly:false HLODRelevant:false ListedInSceneOutliner:true IsMainWorldOnly:true
 |   |   |- Guid:645CDDFB48C4DA877E1667B150573571 NativeClass:/Script/Engine.BlockingVolume Name:BlockingVolume_UAID_70A8D3DB55DCF67702_1484402460 Label:BlockingVolume3 SpatiallyLoaded:true EditorBounds:IsValid=true, Min=(X=900.000 Y=-1600.000 Z=0.000), Max=(X=1100.000 Y=1600.000 Z=500.000) RuntimeBounds:IsValid=true, Min=(X=900.000 Y=-1600.000 Z=0.000), Max=(X=1100.000 Y=1600.000 Z=500.000) RuntimeGrid:None EditorOnly:false RuntimeOnly:false HLODRelevant:false ListedInSceneOutliner:true IsMainWorldOnly:false
 |   |   |- Guid:65BADF164B5A3A3D3E55D98E9D29F5EC NativeClass:/Script/Engine.BlockingVolume Name:BlockingVolume_UAID_70A8D3DB55DCF67702_1434984458 Label:BlockingVolume SpatiallyLoaded:true EditorBounds:IsValid=true, Min=(X=-1600.000 Y=-1760.000 Z=0.000), Max=(X=1600.000 Y=-1560.000 Z=500.000) RuntimeBounds:IsValid=true, Min=(X=-1600.000 Y=-1760.000 Z=0.000), Max=(X=1600.000 Y=-1560.000 Z=500.000) RuntimeGrid:None EditorOnly:false RuntimeOnly:false HLODRelevant:false ListedInSceneOutliner:true IsMainWorldOnly:false
 |   |   |- Guid:73485254469F49BD2701BA8E8BDB38A6 NativeClass:/Script/Engine.StaticMeshActor Name:StaticMeshActor_UAID_70A8D3DB55DCF67702_1647338464 Label:Plane4 SpatiallyLoaded:true EditorBounds:IsValid=true, Min=(X=0.000 Y=-3200.000 Z=-0.000), Max=(X=3200.000 Y=0.000 Z=0.000) RuntimeBounds:IsValid=true, Min=(X=0.000 Y=-3200.000 Z=-0.000), Max=(X=3200.000 Y=0.000 Z=0.000) RuntimeGrid:None EditorOnly:false RuntimeOnly:false HLODRelevant:true ListedInSceneOutliner:true IsMainWorldOnly:false
 |   |   |- Guid:94FC508445E59268BDBEB4BB87560923 BaseClass:/Game/Blueprints/BP_Pickup_Life.BP_Pickup_Life_C NativeClass:/Script/Engine.Actor Name:BP_Pickup_Life_C_UAID_70A8D3DB55DCA18502_1555795279 Label:BP_Pickup_Life SpatiallyLoaded:true EditorBounds:IsValid=true, Min=(X=-2440.000 Y=850.000 Z=-270.000), Max=(X=-1280.000 Y=1490.000 Z=370.000) RuntimeBounds:IsValid=true, Min=(X=-2440.000 Y=850.000 Z=-270.000), Max=(X=-1280.000 Y=1490.000 Z=370.000) RuntimeGrid:None EditorOnly:false RuntimeOnly:false HLODRelevant:false ListedInSceneOutliner:true IsMainWorldOnly:false
 |   |   |- Guid:9E77805344D1E9C4902CBFB1F4C4B9F5 NativeClass:/Script/Engine.BlockingVolume Name:BlockingVolume_UAID_70A8D3DB55DCF67702_1511298461 Label:BlockingVolume4 SpatiallyLoaded:true EditorBounds:IsValid=true, Min=(X=-1310.000 Y=-1600.000 Z=0.000), Max=(X=-1110.000 Y=1600.000 Z=500.000) RuntimeBounds:IsValid=true, Min=(X=-1310.000 Y=-1600.000 Z=0.000), Max=(X=-1110.000 Y=1600.000 Z=500.000) RuntimeGrid:None EditorOnly:false RuntimeOnly:false HLODRelevant:false ListedInSceneOutliner:true IsMainWorldOnly:false
 |   |   |- Guid:AAAC6B5742760A58C2206DB37E44683C NativeClass:/Script/Engine.DirectionalLight Name:DirectionalLight_UAID_A85E45CFE40401D200_1470382761 Label:DirectionalLight SpatiallyLoaded:false EditorBounds:IsValid=false, Min=(X=0.000 Y=0.000 Z=0.000), Max=(X=0.000 Y=0.000 Z=0.000) RuntimeBounds:IsValid=false, Min=(X=0.000 Y=0.000 Z=0.000), Max=(X=0.000 Y=0.000 Z=0.000) RuntimeGrid:None EditorOnly:false RuntimeOnly:false HLODRelevant:false ListedInSceneOutliner:true IsMainWorldOnly:true FolderPath:Lighting FolderGuid:B7E9BD5B45A652654791988DEF54CCEB
 |   |   |- Guid:B00D0ABA41BDAC6B54CAF1948C1DD6A3 NativeClass:/Script/Engine.BlockingVolume Name:BlockingVolume_UAID_70A8D3DB55DCF67702_1469379459 Label:BlockingVolume2 SpatiallyLoaded:true EditorBounds:IsValid=true, Min=(X=-1600.000 Y=1560.000 Z=0.000), Max=(X=1600.000 Y=1760.000 Z=500.000) RuntimeBounds:IsValid=true, Min=(X=-1600.000 Y=1560.000 Z=0.000), Max=(X=1600.000 Y=1760.000 Z=500.000) RuntimeGrid:None EditorOnly:false RuntimeOnly:false HLODRelevant:false ListedInSceneOutliner:true IsMainWorldOnly:false
 |   |   |- Guid:C3A14FAD423352A5583D1CBA7F561309 NativeClass:/Script/Engine.PlayerStart Name:PlayerStart_UAID_70A8D3DB55DCE57A02_1805817631 Label:PlayerStart SpatiallyLoaded:false EditorBounds:IsValid=true, Min=(X=-598.000 Y=-128.000 Z=-36.000), Max=(X=-230.000 Y=128.000 Z=220.000) RuntimeBounds:IsValid=true, Min=(X=-510.000 Y=-40.000 Z=0.000), Max=(X=-430.000 Y=40.000 Z=184.000) RuntimeGrid:None EditorOnly:false RuntimeOnly:false HLODRelevant:false ListedInSceneOutliner:true IsMainWorldOnly:false
 |   |   |- Guid:C6458CF64F12E67E818CB4B379C45DB3 NativeClass:/Script/Engine.StaticMeshActor Name:StaticMeshActor_UAID_70A8D3DB55DCF67702_1629144462 Label:Plane2 SpatiallyLoaded:true EditorBounds:IsValid=true, Min=(X=-3200.000 Y=0.000 Z=-0.000), Max=(X=0.000 Y=3200.000 Z=0.000) RuntimeBounds:IsValid=true, Min=(X=-3200.000 Y=0.000 Z=-0.000), Max=(X=0.000 Y=3200.000 Z=0.000) RuntimeGrid:None EditorOnly:false RuntimeOnly:false HLODRelevant:true ListedInSceneOutliner:true IsMainWorldOnly:false
 |   |   |- Guid:D3FB7383421AAEFD3DB6F8B1E415A9FE NativeClass:/Script/Engine.ExponentialHeightFog Name:ExponentialHeightFog_UAID_A85E45CFE40401D200_1470382763 Label:ExponentialHeightFog SpatiallyLoaded:false EditorBounds:IsValid=true, Min=(X=-5728.000 Y=-178.000 Z=-6978.000), Max=(X=-5472.000 Y=78.000 Z=-6722.000) RuntimeBounds:IsValid=true, Min=(X=-5600.000 Y=-50.000 Z=-6850.000), Max=(X=-5600.000 Y=-50.000 Z=-6850.000) RuntimeGrid:None EditorOnly:false RuntimeOnly:false HLODRelevant:false ListedInSceneOutliner:true IsMainWorldOnly:false FolderPath:Lighting FolderGuid:B7E9BD5B45A652654791988DEF54CCEB
 |   |   |- Guid:F29F59D44C401F9A4DC134A1F4C2E489 BaseClass:/Game/Blueprints/BP_Pickup_Healing.BP_Pickup_Healing_C NativeClass:/Script/Engine.Actor Name:BP_Pickup_Healing_C_UAID_70A8D3DB55DCA18502_1575824281 Label:BP_Pickup_Healing SpatiallyLoaded:true EditorBounds:IsValid=true, Min=(X=-2420.000 Y=-1430.000 Z=-270.000), Max=(X=-1260.000 Y=-790.000 Z=370.000) RuntimeBounds:IsValid=true, Min=(X=-2420.000 Y=-1430.000 Z=-270.000), Max=(X=-1260.000 Y=-790.000 Z=370.000) RuntimeGrid:None EditorOnly:false RuntimeOnly:false HLODRelevant:false ListedInSceneOutliner:true IsMainWorldOnly:false
 |   |- [+] Clusters:
 |   |   |- [+] [  0]
 |   |   |   |- Guid:03920DF94EEFC9F86CC66185D32A3DA1 NativeClass:/Script/Engine.StaticMeshActor Name:StaticMeshActor_UAID_A4AE111137DC54FB00_1240666663 Label:SM_SkySphere SpatiallyLoaded:false EditorBounds:IsValid=true, Min=(X=-1638400.000 Y=-1638400.000 Z=-1638400.000), Max=(X=1638400.000 Y=1638400.000 Z=1638400.000) RuntimeBounds:IsValid=true, Min=(X=-1638400.000 Y=-1638400.000 Z=-1638400.000), Max=(X=1638400.000 Y=1638400.000 Z=1638400.000) RuntimeGrid:None EditorOnly:false RuntimeOnly:false HLODRelevant:false ListedInSceneOutliner:true IsMainWorldOnly:true FolderPath:Lighting FolderGuid:B7E9BD5B45A652654791988DEF54CCEB
 |   |   |- [+] [  1]
 |   |   |   |- Guid:179B1798438B3E9BBA8990BC6B9DDC10 NativeClass:/Script/Engine.StaticMeshActor Name:StaticMeshActor_UAID_70A8D3DB55DC737502_1126166288 Label:Plane SpatiallyLoaded:true EditorBounds:IsValid=true, Min=(X=-3200.000 Y=-3200.000 Z=-0.000), Max=(X=0.000 Y=-0.000 Z=0.000) RuntimeBounds:IsValid=true, Min=(X=-3200.000 Y=-3200.000 Z=-0.000), Max=(X=0.000 Y=-0.000 Z=0.000) RuntimeGrid:None EditorOnly:false RuntimeOnly:false HLODRelevant:true ListedInSceneOutliner:true IsMainWorldOnly:false
 |   |   |- [+] [  2]
 |   |   |   |- Guid:1ACD85944B4ECEB757F8F4A5B84A665E NativeClass:/Script/Engine.StaticMeshActor Name:StaticMeshActor_UAID_70A8D3DB55DCF67702_1638961463 Label:Plane3 SpatiallyLoaded:true EditorBounds:IsValid=true, Min=(X=0.000 Y=0.000 Z=-0.000), Max=(X=3200.000 Y=3200.000 Z=0.000) RuntimeBounds:IsValid=true, Min=(X=0.000 Y=0.000 Z=-0.000), Max=(X=3200.000 Y=3200.000 Z=0.000) RuntimeGrid:None EditorOnly:false RuntimeOnly:false HLODRelevant:true ListedInSceneOutliner:true IsMainWorldOnly:false
 |   |   |- [+] [  3]
 |   |   |   |- Guid:1D3D26F04B6DC10BEFB5B69E5CF914C8 NativeClass:/Script/Engine.VolumetricCloud Name:VolumetricCloud_UAID_A85E45CFE40401D200_1470381760 Label:VolumetricCloud SpatiallyLoaded:false EditorBounds:IsValid=true, Min=(X=-128.000 Y=1972.000 Z=-128.000), Max=(X=128.000 Y=2228.000 Z=128.000) RuntimeBounds:IsValid=true, Min=(X=0.000 Y=2100.000 Z=0.000), Max=(X=0.000 Y=2100.000 Z=0.000) RuntimeGrid:None EditorOnly:false RuntimeOnly:false HLODRelevant:false ListedInSceneOutliner:true IsMainWorldOnly:false FolderPath:Lighting FolderGuid:B7E9BD5B45A652654791988DEF54CCEB
 |   |   |- [+] [  4]
 |   |   |   |- Guid:1DE8D7AC4103A2EABA11649C7FCF8ACA NativeClass:/Script/Engine.SkyLight Name:SkyLight_UAID_A85E45CFE40401D200_1470380759 Label:SkyLight SpatiallyLoaded:false EditorBounds:IsValid=true, Min=(X=-1.000 Y=-1.000 Z=-1.000), Max=(X=1.000 Y=2150.000 Z=1.000) RuntimeBounds:IsValid=true, Min=(X=0.000 Y=2150.000 Z=0.000), Max=(X=0.000 Y=2150.000 Z=0.000) RuntimeGrid:None EditorOnly:false RuntimeOnly:false HLODRelevant:false ListedInSceneOutliner:true IsMainWorldOnly:false FolderPath:Lighting FolderGuid:B7E9BD5B45A652654791988DEF54CCEB
 |   |   |- [+] [  5]
 |   |   |   |- Guid:218E3B124735712D7EF272B4FB8E7FF6 NativeClass:/Script/Landscape.Landscape Name:Landscape_UAID_A85E45CFE404FBD100_1221515703 Label:Landscape SpatiallyLoaded:false EditorBounds:IsValid=true, Min=(X=0.000 Y=2210.000 Z=0.000), Max=(X=0.000 Y=2210.000 Z=0.000) RuntimeBounds:IsValid=true, Min=(X=0.000 Y=2210.000 Z=0.000), Max=(X=0.000 Y=2210.000 Z=0.000) RuntimeGrid:None EditorOnly:false RuntimeOnly:false HLODRelevant:false ListedInSceneOutliner:true IsMainWorldOnly:false
 |   |   |- [+] [  6]
 |   |   |   |- Guid:226B6FCF48448438A906268265807636 BaseClass:/Game/Blueprints/BP_Pickup_Forcefield.BP_Pickup_Forcefield_C NativeClass:/Script/Engine.Actor Name:BP_Pickup_Forcefield_C_UAID_70A8D3DB55DCED8602_1337539711 Label:BP_Pickup_Forcefield SpatiallyLoaded:true EditorBounds:IsValid=true, Min=(X=-1800.000 Y=-330.000 Z=-270.000), Max=(X=-640.000 Y=310.000 Z=370.000) RuntimeBounds:IsValid=true, Min=(X=-1800.000 Y=-330.000 Z=-270.000), Max=(X=-640.000 Y=310.000 Z=370.000) RuntimeGrid:None EditorOnly:false RuntimeOnly:false HLODRelevant:false ListedInSceneOutliner:true IsMainWorldOnly:false
 |   |   |- [+] [  7]
 |   |   |   |- Guid:2CE12F874AA39D020A0F4BA5739BD305 NativeClass:/Script/Engine.SkyAtmosphere Name:SkyAtmosphere_UAID_A85E45CFE40401D200_1470382762 Label:SkyAtmosphere SpatiallyLoaded:false EditorBounds:IsValid=true, Min=(X=-128.000 Y=1952.000 Z=-128.000), Max=(X=240.000 Y=2208.000 Z=128.000) RuntimeBounds:IsValid=true, Min=(X=0.000 Y=2080.000 Z=0.000), Max=(X=0.000 Y=2080.000 Z=0.000) RuntimeGrid:None EditorOnly:false RuntimeOnly:false HLODRelevant:false ListedInSceneOutliner:true IsMainWorldOnly:false FolderPath:Lighting FolderGuid:B7E9BD5B45A652654791988DEF54CCEB
 |   |   |- [+] [  8]
 |   |   |   |- Guid:35FA7EB5449200D495B5A6AEFA892872 BaseClass:/Game/Blueprints/BP_EnemySpawner.BP_EnemySpawner_C NativeClass:/Script/Engine.Actor Name:BP_EnemySpawner_C_UAID_70A8D3DB55DCC57502_1701456719 Label:BP_EnemySpawner SpatiallyLoaded:true EditorBounds:IsValid=true, Min=(X=-2550.000 Y=-1757.000 Z=80.000), Max=(X=1700.374 Y=1743.000 Z=80.000) RuntimeBounds:IsValid=true, Min=(X=-2550.000 Y=-1757.000 Z=80.000), Max=(X=1700.374 Y=1743.000 Z=80.000) RuntimeGrid:None EditorOnly:false RuntimeOnly:false HLODRelevant:false ListedInSceneOutliner:true IsMainWorldOnly:false
 |   |   |- [+] [  9]
 |   |   |   |- Guid:3E0D97D4484C9169182C4AA06ECA1FFF BaseClass:/Game/Blueprints/BP_Pickup_MaxHealth.BP_Pickup_MaxHealth_C NativeClass:/Script/Engine.Actor Name:BP_Pickup_MaxHealth_C_UAID_70A8D3DB55DCA18502_1565985280 Label:BP_Pickup_MaxHealth SpatiallyLoaded:true EditorBounds:IsValid=true, Min=(X=-2420.000 Y=-340.000 Z=-270.000), Max=(X=-1260.000 Y=300.000 Z=370.000) RuntimeBounds:IsValid=true, Min=(X=-2420.000 Y=-340.000 Z=-270.000), Max=(X=-1260.000 Y=300.000 Z=370.000) RuntimeGrid:None EditorOnly:false RuntimeOnly:false HLODRelevant:false ListedInSceneOutliner:true IsMainWorldOnly:false
 |   |   |- [+] [ 10]
 |   |   |   |- Guid:5368FABB47D6D9580DAECA8B0417BF92 NativeClass:/Script/Engine.WorldDataLayers Name:WorldDataLayers Label:WorldDataLayers-1 SpatiallyLoaded:false EditorBounds:IsValid=false, Min=(X=0.000 Y=0.000 Z=0.000), Max=(X=0.000 Y=0.000 Z=0.000) RuntimeBounds:IsValid=false, Min=(X=0.000 Y=0.000 Z=0.000), Max=(X=0.000 Y=0.000 Z=0.000) RuntimeGrid:None EditorOnly:false RuntimeOnly:false HLODRelevant:false ListedInSceneOutliner:true IsMainWorldOnly:true
 |   |   |- [+] [ 11]
 |   |   |   |- Guid:645CDDFB48C4DA877E1667B150573571 NativeClass:/Script/Engine.BlockingVolume Name:BlockingVolume_UAID_70A8D3DB55DCF67702_1484402460 Label:BlockingVolume3 SpatiallyLoaded:true EditorBounds:IsValid=true, Min=(X=900.000 Y=-1600.000 Z=0.000), Max=(X=1100.000 Y=1600.000 Z=500.000) RuntimeBounds:IsValid=true, Min=(X=900.000 Y=-1600.000 Z=0.000), Max=(X=1100.000 Y=1600.000 Z=500.000) RuntimeGrid:None EditorOnly:false RuntimeOnly:false HLODRelevant:false ListedInSceneOutliner:true IsMainWorldOnly:false
 |   |   |- [+] [ 12]
 |   |   |   |- Guid:65BADF164B5A3A3D3E55D98E9D29F5EC NativeClass:/Script/Engine.BlockingVolume Name:BlockingVolume_UAID_70A8D3DB55DCF67702_1434984458 Label:BlockingVolume SpatiallyLoaded:true EditorBounds:IsValid=true, Min=(X=-1600.000 Y=-1760.000 Z=0.000), Max=(X=1600.000 Y=-1560.000 Z=500.000) RuntimeBounds:IsValid=true, Min=(X=-1600.000 Y=-1760.000 Z=0.000), Max=(X=1600.000 Y=-1560.000 Z=500.000) RuntimeGrid:None EditorOnly:false RuntimeOnly:false HLODRelevant:false ListedInSceneOutliner:true IsMainWorldOnly:false
 |   |   |- [+] [ 13]
 |   |   |   |- Guid:73485254469F49BD2701BA8E8BDB38A6 NativeClass:/Script/Engine.StaticMeshActor Name:StaticMeshActor_UAID_70A8D3DB55DCF67702_1647338464 Label:Plane4 SpatiallyLoaded:true EditorBounds:IsValid=true, Min=(X=0.000 Y=-3200.000 Z=-0.000), Max=(X=3200.000 Y=0.000 Z=0.000) RuntimeBounds:IsValid=true, Min=(X=0.000 Y=-3200.000 Z=-0.000), Max=(X=3200.000 Y=0.000 Z=0.000) RuntimeGrid:None EditorOnly:false RuntimeOnly:false HLODRelevant:true ListedInSceneOutliner:true IsMainWorldOnly:false
 |   |   |- [+] [ 14]
 |   |   |   |- Guid:94FC508445E59268BDBEB4BB87560923 BaseClass:/Game/Blueprints/BP_Pickup_Life.BP_Pickup_Life_C NativeClass:/Script/Engine.Actor Name:BP_Pickup_Life_C_UAID_70A8D3DB55DCA18502_1555795279 Label:BP_Pickup_Life SpatiallyLoaded:true EditorBounds:IsValid=true, Min=(X=-2440.000 Y=850.000 Z=-270.000), Max=(X=-1280.000 Y=1490.000 Z=370.000) RuntimeBounds:IsValid=true, Min=(X=-2440.000 Y=850.000 Z=-270.000), Max=(X=-1280.000 Y=1490.000 Z=370.000) RuntimeGrid:None EditorOnly:false RuntimeOnly:false HLODRelevant:false ListedInSceneOutliner:true IsMainWorldOnly:false
 |   |   |- [+] [ 15]
 |   |   |   |- Guid:9E77805344D1E9C4902CBFB1F4C4B9F5 NativeClass:/Script/Engine.BlockingVolume Name:BlockingVolume_UAID_70A8D3DB55DCF67702_1511298461 Label:BlockingVolume4 SpatiallyLoaded:true EditorBounds:IsValid=true, Min=(X=-1310.000 Y=-1600.000 Z=0.000), Max=(X=-1110.000 Y=1600.000 Z=500.000) RuntimeBounds:IsValid=true, Min=(X=-1310.000 Y=-1600.000 Z=0.000), Max=(X=-1110.000 Y=1600.000 Z=500.000) RuntimeGrid:None EditorOnly:false RuntimeOnly:false HLODRelevant:false ListedInSceneOutliner:true IsMainWorldOnly:false
 |   |   |- [+] [ 16]
 |   |   |   |- Guid:AAAC6B5742760A58C2206DB37E44683C NativeClass:/Script/Engine.DirectionalLight Name:DirectionalLight_UAID_A85E45CFE40401D200_1470382761 Label:DirectionalLight SpatiallyLoaded:false EditorBounds:IsValid=false, Min=(X=0.000 Y=0.000 Z=0.000), Max=(X=0.000 Y=0.000 Z=0.000) RuntimeBounds:IsValid=false, Min=(X=0.000 Y=0.000 Z=0.000), Max=(X=0.000 Y=0.000 Z=0.000) RuntimeGrid:None EditorOnly:false RuntimeOnly:false HLODRelevant:false ListedInSceneOutliner:true IsMainWorldOnly:true FolderPath:Lighting FolderGuid:B7E9BD5B45A652654791988DEF54CCEB
 |   |   |- [+] [ 17]
 |   |   |   |- Guid:B00D0ABA41BDAC6B54CAF1948C1DD6A3 NativeClass:/Script/Engine.BlockingVolume Name:BlockingVolume_UAID_70A8D3DB55DCF67702_1469379459 Label:BlockingVolume2 SpatiallyLoaded:true EditorBounds:IsValid=true, Min=(X=-1600.000 Y=1560.000 Z=0.000), Max=(X=1600.000 Y=1760.000 Z=500.000) RuntimeBounds:IsValid=true, Min=(X=-1600.000 Y=1560.000 Z=0.000), Max=(X=1600.000 Y=1760.000 Z=500.000) RuntimeGrid:None EditorOnly:false RuntimeOnly:false HLODRelevant:false ListedInSceneOutliner:true IsMainWorldOnly:false
 |   |   |- [+] [ 18]
 |   |   |   |- Guid:C3A14FAD423352A5583D1CBA7F561309 NativeClass:/Script/Engine.PlayerStart Name:PlayerStart_UAID_70A8D3DB55DCE57A02_1805817631 Label:PlayerStart SpatiallyLoaded:false EditorBounds:IsValid=true, Min=(X=-598.000 Y=-128.000 Z=-36.000), Max=(X=-230.000 Y=128.000 Z=220.000) RuntimeBounds:IsValid=true, Min=(X=-510.000 Y=-40.000 Z=0.000), Max=(X=-430.000 Y=40.000 Z=184.000) RuntimeGrid:None EditorOnly:false RuntimeOnly:false HLODRelevant:false ListedInSceneOutliner:true IsMainWorldOnly:false
 |   |   |- [+] [ 19]
 |   |   |   |- Guid:C6458CF64F12E67E818CB4B379C45DB3 NativeClass:/Script/Engine.StaticMeshActor Name:StaticMeshActor_UAID_70A8D3DB55DCF67702_1629144462 Label:Plane2 SpatiallyLoaded:true EditorBounds:IsValid=true, Min=(X=-3200.000 Y=0.000 Z=-0.000), Max=(X=0.000 Y=3200.000 Z=0.000) RuntimeBounds:IsValid=true, Min=(X=-3200.000 Y=0.000 Z=-0.000), Max=(X=0.000 Y=3200.000 Z=0.000) RuntimeGrid:None EditorOnly:false RuntimeOnly:false HLODRelevant:true ListedInSceneOutliner:true IsMainWorldOnly:false
 |   |   |- [+] [ 20]
 |   |   |   |- Guid:D3FB7383421AAEFD3DB6F8B1E415A9FE NativeClass:/Script/Engine.ExponentialHeightFog Name:ExponentialHeightFog_UAID_A85E45CFE40401D200_1470382763 Label:ExponentialHeightFog SpatiallyLoaded:false EditorBounds:IsValid=true, Min=(X=-5728.000 Y=-178.000 Z=-6978.000), Max=(X=-5472.000 Y=78.000 Z=-6722.000) RuntimeBounds:IsValid=true, Min=(X=-5600.000 Y=-50.000 Z=-6850.000), Max=(X=-5600.000 Y=-50.000 Z=-6850.000) RuntimeGrid:None EditorOnly:false RuntimeOnly:false HLODRelevant:false ListedInSceneOutliner:true IsMainWorldOnly:false FolderPath:Lighting FolderGuid:B7E9BD5B45A652654791988DEF54CCEB
 |   |   |- [+] [ 21]
 |   |   |   |- Guid:F29F59D44C401F9A4DC134A1F4C2E489 BaseClass:/Game/Blueprints/BP_Pickup_Healing.BP_Pickup_Healing_C NativeClass:/Script/Engine.Actor Name:BP_Pickup_Healing_C_UAID_70A8D3DB55DCA18502_1575824281 Label:BP_Pickup_Healing SpatiallyLoaded:true EditorBounds:IsValid=true, Min=(X=-2420.000 Y=-1430.000 Z=-270.000), Max=(X=-1260.000 Y=-790.000 Z=370.000) RuntimeBounds:IsValid=true, Min=(X=-2420.000 Y=-1430.000 Z=-270.000), Max=(X=-1260.000 Y=-790.000 Z=370.000) RuntimeGrid:None EditorOnly:false RuntimeOnly:false HLODRelevant:false ListedInSceneOutliner:true IsMainWorldOnly:false
 |- ContainerInstances:
 |- [+] MainContainer:
 |   |-        ID: 00000000000000000000000000000000
 |   |-  ParentID: 00000000000000000000000000000000
 |   |-    Bounds: IsValid=true, Min=(X=-3200.000 Y=-3200.000 Z=-270.000), Max=(X=3200.000 Y=3200.000 Z=500.000)
 |   |- Transform: 0.000000,0.000000,0.000000|0.000000,0.000000,-0.000000|1.000000,1.000000,1.000000
 |   |- Container: /Game/Shmup_Level
----------------------------------------------------------------------------------------------------------------
Shmup_Level - Persistent Level
----------------------------------------------------------------------------------------------------------------
[+] Content of Shmup_Level Persistent Level
 |- Always loaded Actor Count: 9 
 |- Actor Path: /Game/Shmup_Level.Shmup_Level:PersistentLevel.DirectionalLight_UAID_A85E45CFE40401D200_1470382761
 |- Actor Package: /Game/__ExternalActors__/Shmup_Level/8/K2/00ND4K2B5RSAOJ84I2GR2A
 |- Actor Path: /Game/Shmup_Level.Shmup_Level:PersistentLevel.ExponentialHeightFog_UAID_A85E45CFE40401D200_1470382763
 |- Actor Package: /Game/__ExternalActors__/Shmup_Level/D/14/IDWD8BNQIVI7PYEB0WSAV7
 |- Actor Path: /Game/Shmup_Level.Shmup_Level:PersistentLevel.Landscape_UAID_A85E45CFE404FBD100_1221515703
 |- Actor Package: /Game/__ExternalActors__/Shmup_Level/D/0X/AXJ2Q174EM6RE8YGS0ZMTI
 |- Actor Path: /Game/Shmup_Level.Shmup_Level:PersistentLevel.PlayerStart_UAID_70A8D3DB55DCE57A02_1805817631
 |- Actor Package: /Game/__ExternalActors__/Shmup_Level/3/JL/HXENAEV0007NF48TF1V7Z9
 |- Actor Path: /Game/Shmup_Level.Shmup_Level:PersistentLevel.SkyAtmosphere_UAID_A85E45CFE40401D200_1470382762
 |- Actor Package: /Game/__ExternalActors__/Shmup_Level/C/DH/CA5PF4Y2YMO42UB8URFHUD
 |- Actor Path: /Game/Shmup_Level.Shmup_Level:PersistentLevel.SkyLight_UAID_A85E45CFE40401D200_1470380759
 |- Actor Package: /Game/__ExternalActors__/Shmup_Level/8/1A/AMEM9I7LPYWCQV4YSNJAV2
 |- Actor Path: /Game/Shmup_Level.Shmup_Level:PersistentLevel.StaticMeshActor_UAID_A4AE111137DC54FB00_1240666663
 |- Actor Package: /Game/__ExternalActors__/Shmup_Level/C/XG/9CEFK302DBBHGEF87RQWMK
 |- Actor Path: /Game/Shmup_Level.Shmup_Level:PersistentLevel.VolumetricCloud_UAID_A85E45CFE40401D200_1470381760
 |- Actor Package: /Game/__ExternalActors__/Shmup_Level/9/97/TAAPWDQOWCA5L2J63XZXIC
 |- Actor Path: /Game/Shmup_Level.Shmup_Level:PersistentLevel.WorldDataLayers
 |- Actor Package: /Game/__ExternalActors__/Shmup_Level/D/EF/63RCSTFVYJEYL7MYY22YGF

----------------------------------------------------------------------------------------------------------------
Shmup_Level - Runtime Hash Set
----------------------------------------------------------------------------------------------------------------
[+] Content of Cell Shmup_Level_MainGrid_L0_X-1_Y-1_Z0 (54OLRQMBE1QMYC33SC5F3B16T)
 |- Actor Count: 5
 |- Content Bounds: IsValid=true, Min=(X=-3200.000 Y=-3200.000 Z=0.000), Max=(X=0.000 Y=0.000 Z=370.000)
 |- Cell Bounds: IsValid=true, Min=(X=-25200.000 Y=-25200.000 Z=0.000), Max=(X=0.000 Y=0.000 Z=25200.000)
 |- Is 2D: False
 |- [+] /Game/Shmup_Level.Shmup_Level:PersistentLevel.StaticMeshActor_UAID_70A8D3DB55DC737502_1126166288
 |   |-         Package: /Game/__ExternalActors__/Shmup_Level/4/T2/P0G4D14LVI9MI7G2WJUQMU
 |   |-     Editor Only: 0
 |   |-   Instance Guid: 179B1798438B3E9BBA8990BC6B9DDC10
 |   |- [+] Container:
 |   |   |-        ID: 00000000000000000000000000000000
 |   |   |- Transform: 0.000000,0.000000,0.000000|0.000000,0.000000,-0.000000|1.000000,1.000000,1.000000
 |- [+] /Game/Shmup_Level.Shmup_Level:PersistentLevel.BP_Pickup_Forcefield_C_UAID_70A8D3DB55DCED8602_1337539711
 |   |-         Package: /Game/__ExternalActors__/Shmup_Level/2/E0/ZK8UFTOY0SREJ9EOX11CVA
 |   |-     Editor Only: 0
 |   |-   Instance Guid: 226B6FCF48448438A906268265807636
 |   |- [+] Container:
 |   |   |-        ID: 00000000000000000000000000000000
 |   |   |- Transform: 0.000000,0.000000,0.000000|0.000000,0.000000,-0.000000|1.000000,1.000000,1.000000
 |- [+] /Game/Shmup_Level.Shmup_Level:PersistentLevel.BP_EnemySpawner_C_UAID_70A8D3DB55DCC57502_1701456719
 |   |-         Package: /Game/__ExternalActors__/Shmup_Level/1/8I/K9S11FS68RXC0XJQEFQA3J
 |   |-     Editor Only: 0
 |   |-   Instance Guid: 35FA7EB5449200D495B5A6AEFA892872
 |   |- [+] Container:
 |   |   |-        ID: 00000000000000000000000000000000
 |   |   |- Transform: 0.000000,0.000000,0.000000|0.000000,0.000000,-0.000000|1.000000,1.000000,1.000000
 |- [+] /Game/Shmup_Level.Shmup_Level:PersistentLevel.BP_Pickup_MaxHealth_C_UAID_70A8D3DB55DCA18502_1565985280
 |   |-         Package: /Game/__ExternalActors__/Shmup_Level/6/WS/WWYYBQY5P0E3SASXOMUPBH
 |   |-     Editor Only: 0
 |   |-   Instance Guid: 3E0D97D4484C9169182C4AA06ECA1FFF
 |   |- [+] Container:
 |   |   |-        ID: 00000000000000000000000000000000
 |   |   |- Transform: 0.000000,0.000000,0.000000|0.000000,0.000000,-0.000000|1.000000,1.000000,1.000000
 |- [+] /Game/Shmup_Level.Shmup_Level:PersistentLevel.BP_Pickup_Healing_C_UAID_70A8D3DB55DCA18502_1575824281
 |   |-         Package: /Game/__ExternalActors__/Shmup_Level/8/XY/H3W9YRYGZG0Y6124OQ1ITT
 |   |-     Editor Only: 0
 |   |-   Instance Guid: F29F59D44C401F9A4DC134A1F4C2E489
 |   |- [+] Container:
 |   |   |-        ID: 00000000000000000000000000000000
 |   |   |- Transform: 0.000000,0.000000,0.000000|0.000000,0.000000,-0.000000|1.000000,1.000000,1.000000
[+] Content of Cell Shmup_Level_MainGrid_L0_X0_Y0_Z0 (84O352ZYIN9IFI3YIST0RNRXC)
 |- Actor Count: 3
 |- Content Bounds: IsValid=true, Min=(X=0.000 Y=0.000 Z=0.000), Max=(X=3200.000 Y=3200.000 Z=500.000)
 |- Cell Bounds: IsValid=true, Min=(X=0.000 Y=0.000 Z=0.000), Max=(X=25200.000 Y=25200.000 Z=25200.000)
 |- Is 2D: False
 |- [+] /Game/Shmup_Level.Shmup_Level:PersistentLevel.StaticMeshActor_UAID_70A8D3DB55DCF67702_1638961463
 |   |-         Package: /Game/__ExternalActors__/Shmup_Level/6/9Y/MXBF8E2P57Q9NFWC7X7DZR
 |   |-     Editor Only: 0
 |   |-   Instance Guid: 1ACD85944B4ECEB757F8F4A5B84A665E
 |   |- [+] Container:
 |   |   |-        ID: 00000000000000000000000000000000
 |   |   |- Transform: 0.000000,0.000000,0.000000|0.000000,0.000000,-0.000000|1.000000,1.000000,1.000000
 |- [+] /Game/Shmup_Level.Shmup_Level:PersistentLevel.BlockingVolume_UAID_70A8D3DB55DCF67702_1484402460
 |   |-         Package: /Game/__ExternalActors__/Shmup_Level/B/JF/N57CPL0I4YAEACLS6SG7PV
 |   |-     Editor Only: 0
 |   |-   Instance Guid: 645CDDFB48C4DA877E1667B150573571
 |   |- [+] Container:
 |   |   |-        ID: 00000000000000000000000000000000
 |   |   |- Transform: 0.000000,0.000000,0.000000|0.000000,0.000000,-0.000000|1.000000,1.000000,1.000000
 |- [+] /Game/Shmup_Level.Shmup_Level:PersistentLevel.BlockingVolume_UAID_70A8D3DB55DCF67702_1469379459
 |   |-         Package: /Game/__ExternalActors__/Shmup_Level/A/4G/LPQ3PVBYNIBYJUSLCRV0JW
 |   |-     Editor Only: 0
 |   |-   Instance Guid: B00D0ABA41BDAC6B54CAF1948C1DD6A3
 |   |- [+] Container:
 |   |   |-        ID: 00000000000000000000000000000000
 |   |   |- Transform: 0.000000,0.000000,0.000000|0.000000,0.000000,-0.000000|1.000000,1.000000,1.000000
[+] Content of Cell Shmup_Level_MainGrid_L0_X0_Y-1_Z0 (9TD9AZW80K7TUJI0ONPPSF0N5)
 |- Actor Count: 2
 |- Content Bounds: IsValid=true, Min=(X=0.000 Y=-3200.000 Z=0.000), Max=(X=3200.000 Y=0.000 Z=500.000)
 |- Cell Bounds: IsValid=true, Min=(X=0.000 Y=-25200.000 Z=0.000), Max=(X=25200.000 Y=0.000 Z=25200.000)
 |- Is 2D: False
 |- [+] /Game/Shmup_Level.Shmup_Level:PersistentLevel.BlockingVolume_UAID_70A8D3DB55DCF67702_1434984458
 |   |-         Package: /Game/__ExternalActors__/Shmup_Level/0/83/EFPIG3T6VRQ8W2RLSAH0QF
 |   |-     Editor Only: 0
 |   |-   Instance Guid: 65BADF164B5A3A3D3E55D98E9D29F5EC
 |   |- [+] Container:
 |   |   |-        ID: 00000000000000000000000000000000
 |   |   |- Transform: 0.000000,0.000000,0.000000|0.000000,0.000000,-0.000000|1.000000,1.000000,1.000000
 |- [+] /Game/Shmup_Level.Shmup_Level:PersistentLevel.StaticMeshActor_UAID_70A8D3DB55DCF67702_1647338464
 |   |-         Package: /Game/__ExternalActors__/Shmup_Level/5/AB/FP3JEMQV06JULGICUD2DN9
 |   |-     Editor Only: 0
 |   |-   Instance Guid: 73485254469F49BD2701BA8E8BDB38A6
 |   |- [+] Container:
 |   |   |-        ID: 00000000000000000000000000000000
 |   |   |- Transform: 0.000000,0.000000,0.000000|0.000000,0.000000,-0.000000|1.000000,1.000000,1.000000
[+] Content of Cell Shmup_Level_MainGrid_L0_X-1_Y0_Z0 (D2YOT5KDDDR2BR9GOREMNJIBA)
 |- Actor Count: 3
 |- Content Bounds: IsValid=true, Min=(X=-3200.000 Y=0.000 Z=0.000), Max=(X=0.000 Y=3200.000 Z=500.000)
 |- Cell Bounds: IsValid=true, Min=(X=-25200.000 Y=0.000 Z=0.000), Max=(X=0.000 Y=25200.000 Z=25200.000)
 |- Is 2D: False
 |- [+] /Game/Shmup_Level.Shmup_Level:PersistentLevel.BP_Pickup_Life_C_UAID_70A8D3DB55DCA18502_1555795279
 |   |-         Package: /Game/__ExternalActors__/Shmup_Level/8/6Y/R0KQMWC7AYLK3P9O7M9NUN
 |   |-     Editor Only: 0
 |   |-   Instance Guid: 94FC508445E59268BDBEB4BB87560923
 |   |- [+] Container:
 |   |   |-        ID: 00000000000000000000000000000000
 |   |   |- Transform: 0.000000,0.000000,0.000000|0.000000,0.000000,-0.000000|1.000000,1.000000,1.000000
 |- [+] /Game/Shmup_Level.Shmup_Level:PersistentLevel.BlockingVolume_UAID_70A8D3DB55DCF67702_1511298461
 |   |-         Package: /Game/__ExternalActors__/Shmup_Level/C/RD/IB6JFALJ8VRHSANMV63Q24
 |   |-     Editor Only: 0
 |   |-   Instance Guid: 9E77805344D1E9C4902CBFB1F4C4B9F5
 |   |- [+] Container:
 |   |   |-        ID: 00000000000000000000000000000000
 |   |   |- Transform: 0.000000,0.000000,0.000000|0.000000,0.000000,-0.000000|1.000000,1.000000,1.000000
 |- [+] /Game/Shmup_Level.Shmup_Level:PersistentLevel.StaticMeshActor_UAID_70A8D3DB55DCF67702_1629144462
 |   |-         Package: /Game/__ExternalActors__/Shmup_Level/0/8S/SJ0X6U3M7PAOXOTLWUZVNU
 |   |-     Editor Only: 0
 |   |-   Instance Guid: C6458CF64F12E67E818CB4B379C45DB3
 |   |- [+] Container:
 |   |   |-        ID: 00000000000000000000000000000000
 |   |   |- Transform: 0.000000,0.000000,0.000000|0.000000,0.000000,-0.000000|1.000000,1.000000,1.000000

